Component: ARM Compiler 5.06 update 6 (build 750) Tool: armlink [4d35ed]

==============================================================================

Section Cross References

    startup_stm32f103xe.o(STACK) refers (Special) to heapauxi.o(.text) for __use_two_region_memory
    startup_stm32f103xe.o(HEAP) refers (Special) to heapauxi.o(.text) for __use_two_region_memory
    startup_stm32f103xe.o(RESET) refers (Special) to heapauxi.o(.text) for __use_two_region_memory
    startup_stm32f103xe.o(RESET) refers to startup_stm32f103xe.o(STACK) for __initial_sp
    startup_stm32f103xe.o(RESET) refers to startup_stm32f103xe.o(.text) for Reset_Handler
    startup_stm32f103xe.o(RESET) refers to stm32f1xx_it.o(i.NMI_Handler) for NMI_Handler
    startup_stm32f103xe.o(RESET) refers to stm32f1xx_it.o(i.HardFault_Handler) for HardFault_Handler
    startup_stm32f103xe.o(RESET) refers to stm32f1xx_it.o(i.MemManage_Handler) for MemManage_Handler
    startup_stm32f103xe.o(RESET) refers to stm32f1xx_it.o(i.BusFault_Handler) for BusFault_Handler
    startup_stm32f103xe.o(RESET) refers to stm32f1xx_it.o(i.UsageFault_Handler) for UsageFault_Handler
    startup_stm32f103xe.o(RESET) refers to stm32f1xx_it.o(i.SVC_Handler) for SVC_Handler
    startup_stm32f103xe.o(RESET) refers to stm32f1xx_it.o(i.DebugMon_Handler) for DebugMon_Handler
    startup_stm32f103xe.o(RESET) refers to stm32f1xx_it.o(i.PendSV_Handler) for PendSV_Handler
    startup_stm32f103xe.o(RESET) refers to stm32f1xx_it.o(i.SysTick_Handler) for SysTick_Handler
    startup_stm32f103xe.o(RESET) refers to stm32f1xx_it.o(i.DMA1_Channel2_IRQHandler) for DMA1_Channel2_IRQHandler
    startup_stm32f103xe.o(RESET) refers to stm32f1xx_it.o(i.DMA1_Channel3_IRQHandler) for DMA1_Channel3_IRQHandler
    startup_stm32f103xe.o(RESET) refers to stm32f1xx_it.o(i.DMA1_Channel6_IRQHandler) for DMA1_Channel6_IRQHandler
    startup_stm32f103xe.o(RESET) refers to stm32f1xx_it.o(i.DMA1_Channel7_IRQHandler) for DMA1_Channel7_IRQHandler
    startup_stm32f103xe.o(RESET) refers to stm32f1xx_it.o(i.USB_LP_CAN1_RX0_IRQHandler) for USB_LP_CAN1_RX0_IRQHandler
    startup_stm32f103xe.o(RESET) refers to stm32f1xx_it.o(i.TIM2_IRQHandler) for TIM2_IRQHandler
    startup_stm32f103xe.o(RESET) refers to stm32f1xx_it.o(i.TIM3_IRQHandler) for TIM3_IRQHandler
    startup_stm32f103xe.o(RESET) refers to stm32f1xx_it.o(i.TIM4_IRQHandler) for TIM4_IRQHandler
    startup_stm32f103xe.o(RESET) refers to stm32f1xx_it.o(i.USART1_IRQHandler) for USART1_IRQHandler
    startup_stm32f103xe.o(RESET) refers to stm32f1xx_it.o(i.USART2_IRQHandler) for USART2_IRQHandler
    startup_stm32f103xe.o(RESET) refers to stm32f1xx_it.o(i.USART3_IRQHandler) for USART3_IRQHandler
    startup_stm32f103xe.o(RESET) refers to stm32f1xx_it.o(i.TIM5_IRQHandler) for TIM5_IRQHandler
    startup_stm32f103xe.o(RESET) refers to stm32f1xx_it.o(i.UART4_IRQHandler) for UART4_IRQHandler
    startup_stm32f103xe.o(RESET) refers to stm32f1xx_it.o(i.UART5_IRQHandler) for UART5_IRQHandler
    startup_stm32f103xe.o(RESET) refers to stm32f1xx_it.o(i.TIM6_IRQHandler) for TIM6_IRQHandler
    startup_stm32f103xe.o(RESET) refers to stm32f1xx_it.o(i.DMA2_Channel3_IRQHandler) for DMA2_Channel3_IRQHandler
    startup_stm32f103xe.o(RESET) refers to stm32f1xx_it.o(i.DMA2_Channel4_5_IRQHandler) for DMA2_Channel4_5_IRQHandler
    startup_stm32f103xe.o(.text) refers (Special) to heapauxi.o(.text) for __use_two_region_memory
    startup_stm32f103xe.o(.text) refers to system_stm32f1xx.o(i.SystemInit) for SystemInit
    startup_stm32f103xe.o(.text) refers to __main.o(!!!main) for __main
    startup_stm32f103xe.o(.text) refers to startup_stm32f103xe.o(HEAP) for Heap_Mem
    startup_stm32f103xe.o(.text) refers to startup_stm32f103xe.o(STACK) for Stack_Mem
    main.o(i.DMA_receive2) refers to stm32f1xx_hal_uart.o(i.HAL_UART_Receive_DMA) for HAL_UART_Receive_DMA
    main.o(i.DMA_receive2) refers to usart.o(.data) for recv_end_flag2
    main.o(i.DMA_receive2) refers to usart.o(.data) for rx_len2
    main.o(i.DMA_receive2) refers to usart.o(.bss) for rx_buffer2
    main.o(i.DMA_receive2) refers to main.o(.bss) for .bss
    main.o(i.DMA_receive3) refers to stm32f1xx_hal_uart.o(i.HAL_UART_Receive_DMA) for HAL_UART_Receive_DMA
    main.o(i.DMA_receive3) refers to usart.o(.data) for recv_end_flag3
    main.o(i.DMA_receive3) refers to usart.o(.data) for rx_len3
    main.o(i.DMA_receive3) refers to usart.o(.bss) for rx_buffer3
    main.o(i.DMA_receive3) refers to main.o(.bss) for .bss
    main.o(i.DMA_receive4) refers to stm32f1xx_hal_uart.o(i.HAL_UART_Receive_DMA) for HAL_UART_Receive_DMA
    main.o(i.DMA_receive4) refers to usart.o(.data) for recv_end_flag4
    main.o(i.DMA_receive4) refers to usart.o(.data) for rx_len4
    main.o(i.DMA_receive4) refers to usart.o(.bss) for rx_buffer4
    main.o(i.DMA_receive4) refers to main.o(.bss) for .bss
    main.o(i.HAL_TIM_PeriodElapsedCallback) refers to main.o(i.xunxian_pid) for xunxian_pid
[...]
    UART_EndRxTransfer                       0x08003953   Thumb Code    48  stm32f1xx_hal_uart.o(i.UART_EndRxTransfer)
    i.UART_EndTxTransfer                     0x08003982   Section        0  stm32f1xx_hal_uart.o(i.UART_EndTxTransfer)
    UART_EndTxTransfer                       0x08003983   Thumb Code    18  stm32f1xx_hal_uart.o(i.UART_EndTxTransfer)
    i.UART_Receive_IT                        0x08003994   Section        0  stm32f1xx_hal_uart.o(i.UART_Receive_IT)
    UART_Receive_IT                          0x08003995   Thumb Code   182  stm32f1xx_hal_uart.o(i.UART_Receive_IT)
    i.UART_SetConfig                         0x08003a4c   Section        0  stm32f1xx_hal_uart.o(i.UART_SetConfig)
    UART_SetConfig                           0x08003a4d   Thumb Code   178  stm32f1xx_hal_uart.o(i.UART_SetConfig)
    i.UART_Start_Receive_DMA                 0x08003b04   Section        0  stm32f1xx_hal_uart.o(i.UART_Start_Receive_DMA)
    i.UART_Start_Receive_IT                  0x08003b74   Section        0  stm32f1xx_hal_uart.o(i.UART_Start_Receive_IT)
    i.UART_WaitOnFlagUntilTimeout            0x08003baa   Section        0  stm32f1xx_hal_uart.o(i.UART_WaitOnFlagUntilTimeout)
    UART_WaitOnFlagUntilTimeout              0x08003bab   Thumb Code   100  stm32f1xx_hal_uart.o(i.UART_WaitOnFlagUntilTimeout)
    i.USART1_IRQHandler                      0x08003c10   Section        0  stm32f1xx_it.o(i.USART1_IRQHandler)
    i.USART2_IRQHandler                      0x08003c1c   Section        0  stm32f1xx_it.o(i.USART2_IRQHandler)
    i.USART3_IRQHandler                      0x08003c64   Section        0  stm32f1xx_it.o(i.USART3_IRQHandler)
    i.USB_LP_CAN1_RX0_IRQHandler             0x08003cac   Section        0  stm32f1xx_it.o(i.USB_LP_CAN1_RX0_IRQHandler)
    i.UsageFault_Handler                     0x08003cb8   Section        0  stm32f1xx_it.o(i.UsageFault_Handler)
    i.__NVIC_SetPriority                     0x08003cba   Section        0  stm32f1xx_hal_cortex.o(i.__NVIC_SetPriority)
    __NVIC_SetPriority                       0x08003cbb   Thumb Code    32  stm32f1xx_hal_cortex.o(i.__NVIC_SetPriority)
    i.count                                  0x08003cdc   Section        0  main.o(i.count)
    i.count_1                                0x08003d18   Section        0  main.o(i.count_1)
    i.count_2                                0x08003d60   Section        0  main.o(i.count_2)
    i.houtui                                 0x08003da8   Section        0  main.o(i.houtui)
    i.houtui_half                            0x08003e1c   Section        0  main.o(i.houtui_half)
    i.k210_handle                            0x08003e90   Section        0  main.o(i.k210_handle)
    i.main                                   0x08003f14   Section        0  main.o(i.main)
    i.migong_gezi                            0x0800421c   Section        0  main.o(i.migong_gezi)
    i.motor_pid_init                         0x080042b8   Section        0  motor.o(i.motor_pid_init)
    i.motor_pid_set                          0x08004318   Section        0  motor.o(i.motor_pid_set)
    i.motor_send                             0x080043c4   Section        0  can.o(i.motor_send)
    i.pid_calc                               0x08004454   Section        0  pid.o(i.pid_calc)
    i.pid_calc1                              0x080044fc   Section        0  pid.o(i.pid_calc1)
    i.pid_init                               0x08004584   Section        0  pid.o(i.pid_init)
    i.qianjin                                0x08004590   Section        0  main.o(i.qianjin)
    i.qianjin_half                           0x08004604   Section        0  main.o(i.qianjin_half)
    i.qianjin_total                          0x08004678   Section        0  main.o(i.qianjin_total)
    i.rx_data_count                          0x08004690   Section        0  xunji.o(i.rx_data_count)
    i.speed_input                            0x080046ac   Section        0  motor.o(i.speed_input)
    i.speed_set                              0x080046dc   Section        0  motor.o(i.speed_set)
    i.speed_set_without_pid                  0x08004750   Section        0  motor.o(i.speed_set_without_pid)
    i.speed_stop                             0x080047bc   Section        0  motor.o(i.speed_stop)
    i.tof_handle                             0x08004818   Section        0  main.o(i.tof_handle)
    i.xun_pid_init                           0x080048dc   Section        0  main.o(i.xun_pid_init)
    i.xunxian_pid                            0x08004944   Section        0  main.o(i.xunxian_pid)
    i.youyi                                  0x08004af4   Section        0  main.o(i.youyi)
    i.youyi_half                             0x08004b6c   Section        0  main.o(i.youyi_half)
    i.youyi_total                            0x08004be0   Section        0  main.o(i.youyi_total)
    i.zuoyi                                  0x08004c3c   Section        0  main.o(i.zuoyi)
    i.zuoyi_half                             0x08004cb4   Section        0  main.o(i.zuoyi_half)
    x$fpl$fadd                               0x08004d28   Section      196  faddsub_clz.o(x$fpl$fadd)
    _fadd1                                   0x08004d37   Thumb Code     0  faddsub_clz.o(x$fpl$fadd)
    x$fpl$fcmpinf                            0x08004dec   Section       24  fcmpi.o(x$fpl$fcmpinf)
    x$fpl$ffix                               0x08004e04   Section       54  ffix.o(x$fpl$ffix)
    x$fpl$fflt                               0x08004e3c   Section       48  fflt_clz.o(x$fpl$fflt)
    x$fpl$fleqf                              0x08004e6c   Section      104  fleqf.o(x$fpl$fleqf)
    x$fpl$fmul                               0x08004ed4   Section      258  fmul.o(x$fpl$fmul)
    x$fpl$fnaninf                            0x08004fd6   Section      140  fnaninf.o(x$fpl$fnaninf)
    x$fpl$fretinf                            0x08005062   Section       10  fretinf.o(x$fpl$fretinf)
    x$fpl$frleqf                             0x0800506c   Section       98  frleqf.o(x$fpl$frleqf)
    x$fpl$fsub                               0x080050d0   Section      234  faddsub_clz.o(x$fpl$fsub)
    _fsub1                                   0x080050df   Thumb Code     0  faddsub_clz.o(x$fpl$fsub)
    .constdata                               0x080051ba   Section     1140  font.o(.constdata)
    x$fpl$usenofp                            0x080051ba   Section        0  usenofp.o(x$fpl$usenofp)
    .constdata                               0x0800562e   Section     1520  font.o(.constdata)
    .constdata                               0x08005c1e   Section     3420  font.o(.constdata)
    .constdata                               0x0800697a   Section       16  system_stm32f1xx.o(.constdata)
    .constdata                               0x0800698a   Section        8  system_stm32f1xx.o(.constdata)
    .data                                    0x20000000   Section        4  main.o(.data)
    .data                                    0x20000004   Section        4  main.o(.data)
    .data                                    0x20000008   Section        4  main.o(.data)
    .data                                    0x20000010   Section      220  main.o(.data)
    .data                                    0x200000ec   Section        8  main.o(.data)
    .data                                    0x200000f4   Section        8  main.o(.data)
    .data                                    0x200000fc   Section        8  main.o(.data)
    .data                                    0x20000104   Section       12  can.o(.data)
    .data                                    0x20000110   Section        1  usart.o(.data)
    .data                                    0x20000111   Section        1  usart.o(.data)
    .data                                    0x20000112   Section        1  usart.o(.data)
    .data                                    0x20000113   Section        1  usart.o(.data)
    .data                                    0x20000114   Section        1  usart.o(.data)
    .data                                    0x20000115   Section        1  usart.o(.data)
    .data                                    0x20000116   Section        4  lcd.o(.data)
    .data                                    0x2000011c   Section       12  stm32f1xx_hal.o(.data)
    .data                                    0x20000128   Section        4  system_stm32f1xx.o(.data)
    .bss                                     0x2000012c   Section     1484  main.o(.bss)
    .bss                                     0x200006f8   Section       12  main.o(.bss)
    .bss                                     0x20000704   Section       88  can.o(.bss)
    Tx_Header                                0x20000704   Data          24  can.o(.bss)
    Tx_Header                                0x2000071c   Data          24  can.o(.bss)
    .bss                                     0x2000075c   Section       88  spi.o(.bss)
    .bss                                     0x200007b4   Section      360  tim.o(.bss)
    .bss                                     0x2000091c   Section     1348  usart.o(.bss)
    .bss                                     0x20000e60   Section       14  lcd.o(.bss)
    .bss                                     0x20000e70   Section      208  motor.o(.bss)
    .bss                                     0x20000f40   Section       20  motor.o(.bss)
    .bss                                     0x20000f54   Section       96  libspace.o(.bss)
    HEAP                                     0x20000fb8   Section      512  startup_stm32f103xe.o(HEAP)
    Heap_Mem                                 0x20000fb8   Data         512  startup_stm32f103xe.o(HEAP)
    STACK                                    0x200011b8   Section     1024  startup_stm32f103xe.o(STACK)
    Stack_Mem                                0x200011b8   Data        1024  startup_stm32f103xe.o(STACK)
    __initial_sp                             0x200015b8   Data           0  startup_stm32f103xe.o(STACK)

    Global Symbols

    Symbol Name                              Value     Ov Type        Size  Object(Section)

    BuildAttributes$$THM_ISAv4$P$D$K$B$S$PE$A:L22UL41UL21$X:L11$S22US41US21$IEEE1$IW$USESV6$~STKCKD$USESV7$~SHL$OTIME$ROPI$IEEEX$EBA8$UX$STANDARDLIB$REQ8$PRES8$EABIv2 0x00000000   Number         0  anon$$obj.o ABSOLUTE
    __ARM_use_no_argv                        0x00000000   Number         0  main.o ABSOLUTE
    __ARM_exceptions_init                     - Undefined Weak Reference
    __alloca_initialize                       - Undefined Weak Reference
    __arm_preinit_                            - Undefined Weak Reference
    __cpp_initialize__aeabi_                  - Undefined Weak Reference
    __cxa_finalize                            - Undefined Weak Reference
    __rt_locale                               - Undefined Weak Reference
    __sigvec_lookup                           - Undefined Weak Reference
    _atexit_init                              - Undefined Weak Reference
    _call_atexit_fns                          - Undefined Weak Reference
    _clock_init                               - Undefined Weak Reference
    _fp_trap_init                             - Undefined Weak Reference
    _fp_trap_shutdown                         - Undefined Weak Reference
    _get_lc_collate                           - Undefined Weak Reference
    _get_lc_ctype                             - Undefined Weak Reference
    _get_lc_monetary                          - Undefined Weak Reference
    _get_lc_numeric                           - Undefined Weak Reference
    _get_lc_time                              - Undefined Weak Reference
    _getenv_init                              - Undefined Weak Reference
    _handle_redirection                       - Undefined Weak Reference
    _init_alloc                               - Undefined Weak Reference
    _init_user_alloc                          - Undefined Weak Reference
    _initio                                   - Undefined Weak Reference
    _rand_init                                - Undefined Weak Reference
    _signal_finish                            - Undefined Weak Reference
    _signal_init                              - Undefined Weak Reference
    _terminate_alloc                          - Undefined Weak Reference
    _terminate_user_alloc                     - Undefined Weak Reference
    _terminateio                              - Undefined Weak Reference
    __Vectors_Size                           0x00000130   Number         0  startup_stm32f103xe.o ABSOLUTE
    __Vectors                                0x08000000   Data           4  startup_stm32f103xe.o(RESET)
    __Vectors_End                            0x08000130   Data           0  startup_stm32f103xe.o(RESET)
    __main                                   0x08000131   Thumb Code     8  __main.o(!!!main)
    __scatterload                            0x08000139   Thumb Code     0  __scatter.o(!!!scatter)
    __scatterload_rt2                        0x08000139   Thumb Code    44  __scatter.o(!!!scatter)
    __scatterload_rt2_thumb_only             0x08000139   Thumb Code     0  __scatter.o(!!!scatter)
    __scatterload_null                       0x08000147   Thumb Code     0  __scatter.o(!!!scatter)
    __decompress                             0x0800016d   Thumb Code    90  __dczerorl2.o(!!dczerorl2)
    __decompress1                            0x0800016d   Thumb Code     0  __dczerorl2.o(!!dczerorl2)
    __scatterload_zeroinit                   0x080001c9   Thumb Code    28  __scatter_zi.o(!!handler_zi)
    __rt_lib_init                            0x080001e5   Thumb Code     0  libinit.o(.ARM.Collect$$libinit$$00000000)
    __rt_lib_init_alloca_1                   0x080001e7   Thumb Code     0  libinit2.o(.ARM.Collect$$libinit$$0000002E)
    __rt_lib_init_argv_1                     0x080001e7   Thumb Code     0  libinit2.o(.ARM.Collect$$libinit$$0000002C)
    __rt_lib_init_atexit_1                   0x080001e7   Thumb Code     0  libinit2.o(.ARM.Collect$$libinit$$0000001B)
    __rt_lib_init_clock_1                    0x080001e7   Thumb Code     0  libinit2.o(.ARM.Collect$$libinit$$00000021)
    __rt_lib_init_cpp_1                      0x080001e7   Thumb Code     0  libinit2.o(.ARM.Collect$$libinit$$00000032)
    __rt_lib_init_exceptions_1               0x080001e7   Thumb Code     0  libinit2.o(.ARM.Collect$$libinit$$00000030)
    __rt_lib_init_fp_1                       0x080001e7   Thumb Code     0  libinit2.o(.ARM.Collect$$libinit$$00000002)
    __rt_lib_init_fp_trap_1                  0x080001e7   Thumb Code     0  libinit2.o(.ARM.Collect$$libinit$$0000001F)
    __rt_lib_init_getenv_1                   0x080001e7   Thumb Code     0  libinit2.o(.ARM.Collect$$libinit$$00000023)
    __rt_lib_init_heap_1                     0x080001e7   Thumb Code     0  libinit2.o(.ARM.Collect$$libinit$$0000000A)
    __rt_lib_init_lc_collate_1               0x080001e7   Thumb Code     0  libinit2.o(.ARM.Collect$$libinit$$00000011)
    __rt_lib_init_lc_ctype_1                 0x080001e7   Thumb Code     0  libinit2.o(.ARM.Collect$$libinit$$00000013)
    __rt_lib_init_lc_monetary_1              0x080001e7   Thumb Code     0  libinit2.o(.ARM.Collect$$libinit$$00000015)
    __rt_lib_init_lc_numeric_1               0x080001e7   Thumb Code     0  libinit2.o(.ARM.Collect$$libinit$$00000017)
    __rt_lib_init_lc_time_1                  0x080001e7   Thumb Code     0  libinit2.o(.ARM.Collect$$libinit$$00000019)
    __rt_lib_init_preinit_1                  0x080001e7   Thumb Code     0  libinit2.o(.ARM.Collect$$libinit$$00000004)
    __rt_lib_init_rand_1                     0x080001e7   Thumb Code     0  libinit2.o(.ARM.Collect$$libinit$$0000000E)
    __rt_lib_init_return                     0x080001e7   Thumb Code     0  libinit2.o(.ARM.Collect$$libinit$$00000033)
    __rt_lib_init_signal_1                   0x080001e7   Thumb Code     0  libinit2.o(.ARM.Collect$$libinit$$0000001D)
    __rt_lib_init_stdio_1                    0x080001e7   Thumb Code     0  libinit2.o(.ARM.Collect$$libinit$$00000025)
    __rt_lib_init_user_alloc_1               0x080001e7   Thumb Code     0  libinit2.o(.ARM.Collect$$libinit$$0000000C)
    __rt_lib_shutdown                        0x080001e9   Thumb Code     0  libshutdown.o(.ARM.Collect$$libshutdown$$00000000)
    __rt_lib_shutdown_cpp_1                  0x080001eb   Thumb Code     0  libshutdown2.o(.ARM.Collect$$libshutdown$$00000002)
    __rt_lib_shutdown_fp_trap_1              0x080001eb   Thumb Code     0  libshutdown2.o(.ARM.Collect$$libshutdown$$00000007)
    __rt_lib_shutdown_heap_1                 0x080001eb   Thumb Code     0  libshutdown2.o(.ARM.Collect$$libshutdown$$0000000F)
    __rt_lib_shutdown_return                 0x080001eb   Thumb Code     0  libshutdown2.o(.ARM.Collect$$libshutdown$$00000010)
    __rt_lib_shutdown_signal_1               0x080001eb   Thumb Code     0  libshutdown2.o(.ARM.Collect$$libshutdown$$0000000A)
    __rt_lib_shutdown_stdio_1                0x080001eb   Thumb Code     0  libshutdown2.o(.ARM.Collect$$libshutdown$$00000004)
    __rt_lib_shutdown_user_alloc_1           0x080001eb   Thumb Code     0  libshutdown2.o(.ARM.Collect$$libshutdown$$0000000C)
    __rt_entry                               0x080001ed   Thumb Code     0  __rtentry.o(.ARM.Collect$$rtentry$$00000000)
    __rt_entry_presh_1                       0x080001ed   Thumb Code     0  __rtentry2.o(.ARM.Collect$$rtentry$$00000002)
    __rt_entry_sh                            0x080001ed   Thumb Code     0  __rtentry4.o(.ARM.Collect$$rtentry$$00000004)
    __rt_entry_li                            0x080001f3   Thumb Code     0  __rtentry2.o(.ARM.Collect$$rtentry$$0000000A)
    __rt_entry_postsh_1                      0x080001f3   Thumb Code     0  __rtentry2.o(.ARM.Collect$$rtentry$$00000009)
    __rt_entry_main                          0x080001f7   Thumb Code     0  __rtentry2.o(.ARM.Collect$$rtentry$$0000000D)
    __rt_entry_postli_1                      0x080001f7   Thumb Code     0  __rtentry2.o(.ARM.Collect$$rtentry$$0000000C)
    __rt_exit                                0x080001ff   Thumb Code     0  rtexit.o(.ARM.Collect$$rtexit$$00000000)
    __rt_exit_ls                             0x08000201   Thumb Code     0  rtexit2.o(.ARM.Collect$$rtexit$$00000003)
    __rt_exit_prels_1                        0x08000201   Thumb Code     0  rtexit2.o(.ARM.Collect$$rtexit$$00000002)
    __rt_exit_exit                           0x08000205   Thumb Code     0  rtexit2.o(.ARM.Collect$$rtexit$$00000004)
    Reset_Handler                            0x0800020d   Thumb Code     8  startup_stm32f103xe.o(.text)
    ADC1_2_IRQHandler                        0x08000227   Thumb Code     0  startup_stm32f103xe.o(.text)
    ADC3_IRQHandler                          0x08000227   Thumb Code     0  startup_stm32f103xe.o(.text)
    CAN1_RX1_IRQHandler                      0x08000227   Thumb Code     0  startup_stm32f103xe.o(.text)
    CAN1_SCE_IRQHandler                      0x08000227   Thumb Code     0  startup_stm32f103xe.o(.text)
    DMA1_Channel1_IRQHandler                 0x08000227   Thumb Code     0  startup_stm32f103xe.o(.text)
    DMA1_Channel4_IRQHandler                 0x08000227   Thumb Code     0  startup_stm32f103xe.o(.text)
    DMA1_Channel5_IRQHandler                 0x08000227   Thumb Code     0  startup_stm32f103xe.o(.text)
    DMA2_Channel1_IRQHandler                 0x08000227   Thumb Code     0  startup_stm32f103xe.o(.text)
    DMA2_Channel2_IRQHandler                 0x08000227   Thumb Code     0  startup_stm32f103xe.o(.text)
    EXTI0_IRQHandler                         0x08000227   Thumb Code     0  startup_stm32f103xe.o(.text)
    EXTI15_10_IRQHandler                     0x08000227   Thumb Code     0  startup_stm32f103xe.o(.text)
    EXTI1_IRQHandler                         0x08000227   Thumb Code     0  startup_stm32f103xe.o(.text)
    EXTI2_IRQHandler                         0x08000227   Thumb Code     0  startup_stm32f103xe.o(.text)
    EXTI3_IRQHandler                         0x08000227   Thumb Code     0  startup_stm32f103xe.o(.text)
    EXTI4_IRQHandler                         0x08000227   Thumb Code     0  startup_stm32f103xe.o(.text)
    EXTI9_5_IRQHandler                       0x08000227   Thumb Code     0  startup_stm32f103xe.o(.text)
    FLASH_IRQHandler                         0x08000227   Thumb Code     0  startup_stm32f103xe.o(.text)
    FSMC_IRQHandler                          0x08000227   Thumb Code     0  startup_stm32f103xe.o(.text)
    I2C1_ER_IRQHandler                       0x08000227   Thumb Code     0  startup_stm32f103xe.o(.text)
    I2C1_EV_IRQHandler                       0x08000227   Thumb Code     0  startup_stm32f103xe.o(.text)
    I2C2_ER_IRQHandler                       0x08000227   Thumb Code     0  startup_stm32f103xe.o(.text)
    I2C2_EV_IRQHandler                       0x08000227   Thumb Code     0  startup_stm32f103xe.o(.text)
    PVD_IRQHandler                           0x08000227   Thumb Code     0  startup_stm32f103xe.o(.text)
    RCC_IRQHandler                           0x08000227   Thumb Code     0  startup_stm32f103xe.o(.text)
    RTC_Alarm_IRQHandler                     0x08000227   Thumb Code     0  startup_stm32f103xe.o(.text)
    RTC_IRQHandler                           0x08000227   Thumb Code     0  startup_stm32f103xe.o(.text)
    SDIO_IRQHandler                          0x08000227   Thumb Code     0  startup_stm32f103xe.o(.text)
    SPI1_IRQHandler                          0x08000227   Thumb Code     0  startup_stm32f103xe.o(.text)
    SPI2_IRQHandler                          0x08000227   Thumb Code     0  startup_stm32f103xe.o(.text)
    SPI3_IRQHandler                          0x08000227   Thumb Code     0  startup_stm32f103xe.o(.text)
    TAMPER_IRQHandler                        0x08000227   Thumb Code     0  startup_stm32f103xe.o(.text)
    TIM1_BRK_IRQHandler                      0x08000227   Thumb Code     0  startup_stm32f103xe.o(.text)
    TIM1_CC_IRQHandler                       0x08000227   Thumb Code     0  startup_stm32f103xe.o(.text)
    TIM1_TRG_COM_IRQHandler                  0x08000227   Thumb Code     0  startup_stm32f103xe.o(.text)
    TIM1_UP_IRQHandler                       0x08000227   Thumb Code     0  startup_stm32f103xe.o(.text)
    TIM7_IRQHandler                          0x08000227   Thumb Code     0  startup_stm32f103xe.o(.text)
    TIM8_BRK_IRQHandler                      0x08000227   Thumb Code     0  startup_stm32f103xe.o(.text)
    TIM8_CC_IRQHandler                       0x08000227   Thumb Code     0  startup_stm32f103xe.o(.text)
    TIM8_TRG_COM_IRQHandler                  0x08000227   Thumb Code     0  startup_stm32f103xe.o(.text)
    TIM8_UP_IRQHandler                       0x08000227   Thumb Code     0  startup_stm32f103xe.o(.text)
    USBWakeUp_IRQHandler                     0x08000227   Thumb Code     0  startup_stm32f103xe.o(.text)
    USB_HP_CAN1_TX_IRQHandler                0x08000227   Thumb Code     0  startup_stm32f103xe.o(.text)
    WWDG_IRQHandler                          0x08000227   Thumb Code     0  startup_stm32f103xe.o(.text)
    __user_initial_stackheap                 0x08000229   Thumb Code     0  startup_stm32f103xe.o(.text)
    __aeabi_memclr4                          0x0800024d   Thumb Code     0  rt_memclr_w.o(.text)
    __aeabi_memclr8                          0x0800024d   Thumb Code     0  rt_memclr_w.o(.text)
    __rt_memclr_w                            0x0800024d   Thumb Code    78  rt_memclr_w.o(.text)
    _memset_w                                0x08000251   Thumb Code     0  rt_memclr_w.o(.text)
    __use_two_region_memory                  0x0800029b   Thumb Code     2  heapauxi.o(.text)
    __rt_heap_escrow$2region                 0x0800029d   Thumb Code     2  heapauxi.o(.text)
    __rt_heap_expand$2region                 0x0800029f   Thumb Code     2  heapauxi.o(.text)
    __user_libspace                          0x080002a1   Thumb Code     8  libspace.o(.text)
    __user_perproc_libspace                  0x080002a1   Thumb Code     0  libspace.o(.text)
    __user_perthread_libspace                0x080002a1   Thumb Code     0  libspace.o(.text)
    __user_setup_stackheap                   0x080002a9   Thumb Code    74  sys_stackheap_outer.o(.text)
    exit                                     0x080002f3   Thumb Code    18  exit.o(.text)
    _sys_exit                                0x08000305   Thumb Code     8  sys_exit.o(.text)
    __I$use$semihosting                      0x08000311   Thumb Code     0  use_no_semi.o(.text)
    __use_no_semihosting_swi                 0x08000311   Thumb Code     2  use_no_semi.o(.text)
    BusFault_Handler                         0x08000313   Thumb Code     2  stm32f1xx_it.o(i.BusFault_Handler)
    __semihosting_library_function           0x08000313   Thumb Code     0  indicate_semi.o(.text)
    CAN_filter_Init                          0x08000315   Thumb Code    76  can.o(i.CAN_filter_Init)
    DMA1_Channel2_IRQHandler                 0x08000365   Thumb Code     6  stm32f1xx_it.o(i.DMA1_Channel2_IRQHandler)
    DMA1_Channel3_IRQHandler                 0x08000371   Thumb Code     6  stm32f1xx_it.o(i.DMA1_Channel3_IRQHandler)
    DMA1_Channel6_IRQHandler                 0x0800037d   Thumb Code     6  stm32f1xx_it.o(i.DMA1_Channel6_IRQHandler)
    DMA1_Channel7_IRQHandler                 0x08000389   Thumb Code     6  stm32f1xx_it.o(i.DMA1_Channel7_IRQHandler)
    DMA2_Channel3_IRQHandler                 0x08000395   Thumb Code     6  stm32f1xx_it.o(i.DMA2_Channel3_IRQHandler)
    DMA2_Channel4_5_IRQHandler               0x080003a1   Thumb Code     6  stm32f1xx_it.o(i.DMA2_Channel4_5_IRQHandler)
    DMA_receive2                             0x080003d9   Thumb Code    56  main.o(i.DMA_receive2)
    DMA_receive3                             0x08000425   Thumb Code    56  main.o(i.DMA_receive3)
    DMA_receive4                             0x08000471   Thumb Code    56  main.o(i.DMA_receive4)
    Dael_Coordinate                          0x080004bd   Thumb Code   178  deal.o(i.Dael_Coordinate)
    DebugMon_Handler                         0x0800057d   Thumb Code     2  stm32f1xx_it.o(i.DebugMon_Handler)
    Error_Handler                            0x0800057f   Thumb Code     4  main.o(i.Error_Handler)
    HAL_CAN_ActivateNotification             0x08000583   Thumb Code    36  stm32f1xx_hal_can.o(i.HAL_CAN_ActivateNotification)
    HAL_CAN_AddTxMessage                     0x080005a7   Thumb Code   200  stm32f1xx_hal_can.o(i.HAL_CAN_AddTxMessage)
    HAL_CAN_ConfigFilter                     0x08000671   Thumb Code   238  stm32f1xx_hal_can.o(i.HAL_CAN_ConfigFilter)
    HAL_CAN_ErrorCallback                    0x0800075f   Thumb Code     2  stm32f1xx_hal_can.o(i.HAL_CAN_ErrorCallback)
    HAL_CAN_GetRxMessage                     0x08000761   Thumb Code   232  stm32f1xx_hal_can.o(i.HAL_CAN_GetRxMessage)
    HAL_CAN_IRQHandler                       0x08000849   Thumb Code   508  stm32f1xx_hal_can.o(i.HAL_CAN_IRQHandler)
    HAL_CAN_Init                             0x08000a45   Thumb Code   282  stm32f1xx_hal_can.o(i.HAL_CAN_Init)
    HAL_CAN_MspInit                          0x08000b61   Thumb Code   130  can.o(i.HAL_CAN_MspInit)
    HAL_CAN_RxFifo0FullCallback              0x08000bf5   Thumb Code     2  stm32f1xx_hal_can.o(i.HAL_CAN_RxFifo0FullCallback)
    HAL_CAN_RxFifo0MsgPendingCallback        0x08000bf9   Thumb Code   214  can.o(i.HAL_CAN_RxFifo0MsgPendingCallback)
    HAL_CAN_RxFifo1FullCallback              0x08000ce5   Thumb Code     2  stm32f1xx_hal_can.o(i.HAL_CAN_RxFifo1FullCallback)
    HAL_CAN_RxFifo1MsgPendingCallback        0x08000ce7   Thumb Code     2  stm32f1xx_hal_can.o(i.HAL_CAN_RxFifo1MsgPendingCallback)
    HAL_CAN_SleepCallback                    0x08000ce9   Thumb Code     2  stm32f1xx_hal_can.o(i.HAL_CAN_SleepCallback)
    HAL_CAN_Start                            0x08000ced   Thumb Code    88  stm32f1xx_hal_can.o(i.HAL_CAN_Start)
    HAL_CAN_TxMailbox0AbortCallback          0x08000d45   Thumb Code     2  stm32f1xx_hal_can.o(i.HAL_CAN_TxMailbox0AbortCallback)
    HAL_CAN_TxMailbox0CompleteCallback       0x08000d47   Thumb Code     2  stm32f1xx_hal_can.o(i.HAL_CAN_TxMailbox0CompleteCallback)
    HAL_CAN_TxMailbox1AbortCallback          0x08000d49   Thumb Code     2  stm32f1xx_hal_can.o(i.HAL_CAN_TxMailbox1AbortCallback)
    HAL_CAN_TxMailbox1CompleteCallback       0x08000d4b   Thumb Code     2  stm32f1xx_hal_can.o(i.HAL_CAN_TxMailbox1CompleteCallback)
    HAL_CAN_TxMailbox2AbortCallback          0x08000d4d   Thumb Code     2  stm32f1xx_hal_can.o(i.HAL_CAN_TxMailbox2AbortCallback)
    HAL_CAN_TxMailbox2CompleteCallback       0x08000d4f   Thumb Code     2  stm32f1xx_hal_can.o(i.HAL_CAN_TxMailbox2CompleteCallback)
    HAL_CAN_WakeUpFromRxMsgCallback          0x08000d51   Thumb Code     2  stm32f1xx_hal_can.o(i.HAL_CAN_WakeUpFromRxMsgCallback)
    HAL_DMA_Abort                            0x08000d53   Thumb Code    70  stm32f1xx_hal_dma.o(i.HAL_DMA_Abort)
    HAL_DMA_Abort_IT                         0x08000d99   Thumb Code   296  stm32f1xx_hal_dma.o(i.HAL_DMA_Abort_IT)
    HAL_DMA_IRQHandler                       0x08000ec9   Thumb Code   552  stm32f1xx_hal_dma.o(i.HAL_DMA_IRQHandler)
    HAL_DMA_Init                             0x08001111   Thumb Code   112  stm32f1xx_hal_dma.o(i.HAL_DMA_Init)
    HAL_DMA_Start_IT                         0x0800118d   Thumb Code   112  stm32f1xx_hal_dma.o(i.HAL_DMA_Start_IT)
    HAL_Delay                                0x080011fd   Thumb Code    32  stm32f1xx_hal.o(i.HAL_Delay)
    HAL_GPIO_Init                            0x08001221   Thumb Code   462  stm32f1xx_hal_gpio.o(i.HAL_GPIO_Init)
    HAL_GPIO_WritePin                        0x08001419   Thumb Code    10  stm32f1xx_hal_gpio.o(i.HAL_GPIO_WritePin)
    HAL_GetTick                              0x08001425   Thumb Code     6  stm32f1xx_hal.o(i.HAL_GetTick)
    HAL_IncTick                              0x08001431   Thumb Code    12  stm32f1xx_hal.o(i.HAL_IncTick)
    HAL_Init                                 0x08001441   Thumb Code    32  stm32f1xx_hal.o(i.HAL_Init)
    HAL_InitTick                             0x08001465   Thumb Code    54  stm32f1xx_hal.o(i.HAL_InitTick)
    HAL_MspInit                              0x080014a5   Thumb Code    52  stm32f1xx_hal_msp.o(i.HAL_MspInit)
    HAL_NVIC_EnableIRQ                       0x080014e1   Thumb Code    26  stm32f1xx_hal_cortex.o(i.HAL_NVIC_EnableIRQ)
    HAL_NVIC_SetPriority                     0x080014fd   Thumb Code    60  stm32f1xx_hal_cortex.o(i.HAL_NVIC_SetPriority)
    HAL_NVIC_SetPriorityGrouping             0x0800153d   Thumb Code    26  stm32f1xx_hal_cortex.o(i.HAL_NVIC_SetPriorityGrouping)
    HAL_RCC_ClockConfig                      0x08001561   Thumb Code   280  stm32f1xx_hal_rcc.o(i.HAL_RCC_ClockConfig)
    HAL_RCC_GetPCLK1Freq                     0x0800168d   Thumb Code    20  stm32f1xx_hal_rcc.o(i.HAL_RCC_GetPCLK1Freq)
    HAL_RCC_GetPCLK2Freq                     0x080016ad   Thumb Code    20  stm32f1xx_hal_rcc.o(i.HAL_RCC_GetPCLK2Freq)
    HAL_RCC_GetSysClockFreq                  0x080016cd   Thumb Code    74  stm32f1xx_hal_rcc.o(i.HAL_RCC_GetSysClockFreq)
    HAL_RCC_OscConfig                        0x08001739   Thumb Code   778  stm32f1xx_hal_rcc.o(i.HAL_RCC_OscConfig)
    HAL_SPI_Init                             0x08001a59   Thumb Code   178  stm32f1xx_hal_spi.o(i.HAL_SPI_Init)
    HAL_SPI_MspInit                          0x08001b0d   Thumb Code   102  spi.o(i.HAL_SPI_MspInit)
    HAL_SPI_TransmitReceive                  0x08001b81   Thumb Code   482  stm32f1xx_hal_spi.o(i.HAL_SPI_TransmitReceive)
    HAL_SYSTICK_Config                       0x08001d63   Thumb Code    40  stm32f1xx_hal_cortex.o(i.HAL_SYSTICK_Config)
    HAL_TIMEx_BreakCallback                  0x08001d8b   Thumb Code     2  stm32f1xx_hal_tim_ex.o(i.HAL_TIMEx_BreakCallback)
    HAL_TIMEx_CommutCallback                 0x08001d8d   Thumb Code     2  stm32f1xx_hal_tim_ex.o(i.HAL_TIMEx_CommutCallback)
    HAL_TIMEx_MasterConfigSynchronization    0x08001d91   Thumb Code   104  stm32f1xx_hal_tim_ex.o(i.HAL_TIMEx_MasterConfigSynchronization)
    HAL_TIM_Base_Init                        0x08001e0d   Thumb Code    90  stm32f1xx_hal_tim.o(i.HAL_TIM_Base_Init)
    HAL_TIM_Base_MspInit                     0x08001e69   Thumb Code   194  tim.o(i.HAL_TIM_Base_MspInit)
    HAL_TIM_Base_Start_IT                    0x08001f41   Thumb Code    88  stm32f1xx_hal_tim.o(i.HAL_TIM_Base_Start_IT)
    HAL_TIM_Base_Stop_IT                     0x08001fad   Thumb Code    48  stm32f1xx_hal_tim.o(i.HAL_TIM_Base_Stop_IT)
    HAL_TIM_ConfigClockSource                0x08001fdd   Thumb Code   214  stm32f1xx_hal_tim.o(i.HAL_TIM_ConfigClockSource)
    HAL_TIM_IC_CaptureCallback               0x080020b3   Thumb Code     2  stm32f1xx_hal_tim.o(i.HAL_TIM_IC_CaptureCallback)
    HAL_TIM_IRQHandler                       0x080020b5   Thumb Code   358  stm32f1xx_hal_tim.o(i.HAL_TIM_IRQHandler)
    HAL_TIM_OC_DelayElapsedCallback          0x0800221b   Thumb Code     2  stm32f1xx_hal_tim.o(i.HAL_TIM_OC_DelayElapsedCallback)
    HAL_TIM_PWM_PulseFinishedCallback        0x0800221d   Thumb Code     2  stm32f1xx_hal_tim.o(i.HAL_TIM_PWM_PulseFinishedCallback)
    HAL_TIM_PeriodElapsedCallback            0x08002221   Thumb Code    98  main.o(i.HAL_TIM_PeriodElapsedCallback)
    HAL_TIM_TriggerCallback                  0x08002299   Thumb Code     2  stm32f1xx_hal_tim.o(i.HAL_TIM_TriggerCallback)
    HAL_UARTEx_RxEventCallback               0x0800229b   Thumb Code     2  stm32f1xx_hal_uart.o(i.HAL_UARTEx_RxEventCallback)
    HAL_UART_DMAStop                         0x0800229d   Thumb Code    88  stm32f1xx_hal_uart.o(i.HAL_UART_DMAStop)
    HAL_UART_ErrorCallback                   0x080022f5   Thumb Code     2  stm32f1xx_hal_uart.o(i.HAL_UART_ErrorCallback)
    HAL_UART_IRQHandler                      0x080022f9   Thumb Code   520  stm32f1xx_hal_uart.o(i.HAL_UART_IRQHandler)
    HAL_UART_Init                            0x08002505   Thumb Code    98  stm32f1xx_hal_uart.o(i.HAL_UART_Init)
    HAL_UART_MspInit                         0x08002569   Thumb Code   778  usart.o(i.HAL_UART_MspInit)
    HAL_UART_Receive_DMA                     0x080028ad   Thumb Code    42  stm32f1xx_hal_uart.o(i.HAL_UART_Receive_DMA)
    HAL_UART_Receive_IT                      0x080028d7   Thumb Code    42  stm32f1xx_hal_uart.o(i.HAL_UART_Receive_IT)
    HAL_UART_RxCpltCallback                  0x08002901   Thumb Code    14  main.o(i.HAL_UART_RxCpltCallback)
    HAL_UART_RxHalfCpltCallback              0x08002919   Thumb Code     2  stm32f1xx_hal_uart.o(i.HAL_UART_RxHalfCpltCallback)
    HAL_UART_Transmit                        0x0800291d   Thumb Code   178  stm32f1xx_hal_uart.o(i.HAL_UART_Transmit)
    HAL_UART_TxCpltCallback                  0x080029cf   Thumb Code     2  stm32f1xx_hal_uart.o(i.HAL_UART_TxCpltCallback)
    HardFault_Handler                        0x080029d1   Thumb Code     2  stm32f1xx_it.o(i.HardFault_Handler)
    LCD_Clear                                0x080029d5   Thumb Code    60  lcd.o(i.LCD_Clear)
    LCD_Display_Dir                          0x08002a15   Thumb Code   162  lcd.o(i.LCD_Display_Dir)
    LCD_Fast_DrawPoint                       0x08002abd   Thumb Code    58  lcd.o(i.LCD_Fast_DrawPoint)
    LCD_GPIO_Init                            0x08002afd   Thumb Code    26  lcd.o(i.LCD_GPIO_Init)
    LCD_HardwareRest                         0x08002b1d   Thumb Code    40  lcd.o(i.LCD_HardwareRest)
    LCD_Init                                 0x08002b4d   Thumb Code   536  lcd.o(i.LCD_Init)
    LCD_Pow                                  0x08002d69   Thumb Code    16  lcd.o(i.LCD_Pow)
    LCD_Scan_Dir                             0x08002d79   Thumb Code    54  lcd.o(i.LCD_Scan_Dir)
    LCD_SetCursor                            0x08002db1   Thumb Code    40  lcd.o(i.LCD_SetCursor)
    LCD_Set_Window                           0x08002ddd   Thumb Code    64  lcd.o(i.LCD_Set_Window)
    LCD_ShowChar                             0x08002e21   Thumb Code   188  lcd.o(i.LCD_ShowChar)
    LCD_ShowNum                              0x08002ef1   Thumb Code   114  lcd.o(i.LCD_ShowNum)
    LCD_SoftRest                             0x08002f63   Thumb Code    18  lcd.o(i.LCD_SoftRest)
    LCD_WR_DATA16                            0x08002f75   Thumb Code    64  lcd.o(i.LCD_WR_DATA16)
    LCD_WR_DATA8                             0x08002fbd   Thumb Code    50  lcd.o(i.LCD_WR_DATA8)
    LCD_WR_REG                               0x08002ff9   Thumb Code    52  lcd.o(i.LCD_WR_REG)
    LCD_WriteRAM_Prepare                     0x08003035   Thumb Code    10  lcd.o(i.LCD_WriteRAM_Prepare)
    LCD_WriteReg                             0x08003045   Thumb Code    20  lcd.o(i.LCD_WriteReg)
    MX_CAN_Init                              0x08003059   Thumb Code    62  can.o(i.MX_CAN_Init)
    MX_DMA_Init                              0x080030a1   Thumb Code   136  dma.o(i.MX_DMA_Init)
    MX_GPIO_Init                             0x0800312d   Thumb Code   204  gpio.o(i.MX_GPIO_Init)
    MX_SPI2_Init                             0x08003209   Thumb Code    60  spi.o(i.MX_SPI2_Init)
    MX_TIM2_Init                             0x0800324d   Thumb Code   100  tim.o(i.MX_TIM2_Init)
    MX_TIM3_Init                             0x080032b5   Thumb Code    96  tim.o(i.MX_TIM3_Init)
    MX_TIM4_Init                             0x0800331d   Thumb Code    98  tim.o(i.MX_TIM4_Init)
    MX_TIM5_Init                             0x08003389   Thumb Code    98  tim.o(i.MX_TIM5_Init)
    MX_TIM6_Init                             0x080033f5   Thumb Code    58  tim.o(i.MX_TIM6_Init)
    MX_UART4_Init                            0x08003439   Thumb Code    68  usart.o(i.MX_UART4_Init)
    MX_UART5_Init                            0x08003485   Thumb Code    48  usart.o(i.MX_UART5_Init)
    MX_USART1_UART_Init                      0x080034bd   Thumb Code    48  usart.o(i.MX_USART1_UART_Init)
    MX_USART2_UART_Init                      0x080034f5   Thumb Code    66  usart.o(i.MX_USART2_UART_Init)
    MX_USART3_UART_Init                      0x08003545   Thumb Code    66  usart.o(i.MX_USART3_UART_Init)
    MemManage_Handler                        0x08003595   Thumb Code     2  stm32f1xx_it.o(i.MemManage_Handler)
    NMI_Handler                              0x08003597   Thumb Code     2  stm32f1xx_it.o(i.NMI_Handler)
    PendSV_Handler                           0x08003599   Thumb Code     2  stm32f1xx_it.o(i.PendSV_Handler)
    SPI2_ReadWriteByte                       0x0800359d   Thumb Code    26  lcd.o(i.SPI2_ReadWriteByte)
    SVC_Handler                              0x08003695   Thumb Code     2  stm32f1xx_it.o(i.SVC_Handler)
    SysTick_Handler                          0x08003697   Thumb Code     4  stm32f1xx_it.o(i.SysTick_Handler)
    SystemClock_Config                       0x0800369b   Thumb Code    94  main.o(i.SystemClock_Config)
    SystemInit                               0x080036f9   Thumb Code     2  system_stm32f1xx.o(i.SystemInit)
    TIM2_IRQHandler                          0x080036fd   Thumb Code     6  stm32f1xx_it.o(i.TIM2_IRQHandler)
    TIM3_IRQHandler                          0x08003709   Thumb Code     6  stm32f1xx_it.o(i.TIM3_IRQHandler)
    TIM4_IRQHandler                          0x08003715   Thumb Code     6  stm32f1xx_it.o(i.TIM4_IRQHandler)
    TIM5_IRQHandler                          0x08003721   Thumb Code     6  stm32f1xx_it.o(i.TIM5_IRQHandler)
    TIM6_IRQHandler                          0x0800372d   Thumb Code     6  stm32f1xx_it.o(i.TIM6_IRQHandler)
    TIM_Base_SetConfig                       0x08003739   Thumb Code   120  stm32f1xx_hal_tim.o(i.TIM_Base_SetConfig)
    TIM_ETR_SetConfig                        0x080037c5   Thumb Code    20  stm32f1xx_hal_tim.o(i.TIM_ETR_SetConfig)
    UART4_IRQHandler                         0x08003831   Thumb Code    56  stm32f1xx_it.o(i.UART4_IRQHandler)
    UART5_IRQHandler                         0x08003879   Thumb Code     6  stm32f1xx_it.o(i.UART5_IRQHandler)
    UART_Start_Receive_DMA                   0x08003b05   Thumb Code    98  stm32f1xx_hal_uart.o(i.UART_Start_Receive_DMA)
    UART_Start_Receive_IT                    0x08003b75   Thumb Code    54  stm32f1xx_hal_uart.o(i.UART_Start_Receive_IT)
    USART1_IRQHandler                        0x08003c11   Thumb Code     6  stm32f1xx_it.o(i.USART1_IRQHandler)
    USART2_IRQHandler                        0x08003c1d   Thumb Code    56  stm32f1xx_it.o(i.USART2_IRQHandler)
    USART3_IRQHandler                        0x08003c65   Thumb Code    56  stm32f1xx_it.o(i.USART3_IRQHandler)
    USB_LP_CAN1_RX0_IRQHandler               0x08003cad   Thumb Code     6  stm32f1xx_it.o(i.USB_LP_CAN1_RX0_IRQHandler)
    UsageFault_Handler                       0x08003cb9   Thumb Code     2  stm32f1xx_it.o(i.UsageFault_Handler)
    count                                    0x08003cdd   Thumb Code    54  main.o(i.count)
    count_1                                  0x08003d19   Thumb Code    68  main.o(i.count_1)
    count_2                                  0x08003d61   Thumb Code    68  main.o(i.count_2)
    houtui                                   0x08003da9   Thumb Code   106  main.o(i.houtui)
    houtui_half                              0x08003e1d   Thumb Code   106  main.o(i.houtui_half)
    k210_handle                              0x08003e91   Thumb Code   106  main.o(i.k210_handle)
    main                                     0x08003f15   Thumb Code   754  main.o(i.main)
    migong_gezi                              0x0800421d   Thumb Code   152  main.o(i.migong_gezi)
    motor_pid_init                           0x080042b9   Thumb Code    80  motor.o(i.motor_pid_init)
    motor_pid_set                            0x08004319   Thumb Code   156  motor.o(i.motor_pid_set)
    motor_send                               0x080043c5   Thumb Code   120  can.o(i.motor_send)
    pid_calc                                 0x08004455   Thumb Code   168  pid.o(i.pid_calc)
    pid_calc1                                0x080044fd   Thumb Code   136  pid.o(i.pid_calc1)
    pid_init                                 0x08004585   Thumb Code    12  pid.o(i.pid_init)
    qianjin                                  0x08004591   Thumb Code   106  main.o(i.qianjin)
    qianjin_half                             0x08004605   Thumb Code   106  main.o(i.qianjin_half)
    qianjin_total                            0x08004679   Thumb Code    22  main.o(i.qianjin_total)
    rx_data_count                            0x08004691   Thumb Code    26  xunji.o(i.rx_data_count)
    speed_input                              0x080046ad   Thumb Code    42  motor.o(i.speed_input)
    speed_set                                0x080046dd   Thumb Code    88  motor.o(i.speed_set)
    speed_set_without_pid                    0x08004751   Thumb Code    78  motor.o(i.speed_set_without_pid)
    speed_stop                               0x080047bd   Thumb Code    76  motor.o(i.speed_stop)
    tof_handle                               0x08004819   Thumb Code   184  main.o(i.tof_handle)
    xun_pid_init                             0x080048dd   Thumb Code    86  main.o(i.xun_pid_init)
    xunxian_pid                              0x08004945   Thumb Code   388  main.o(i.xunxian_pid)
    youyi                                    0x08004af5   Thumb Code   106  main.o(i.youyi)
    youyi_half                               0x08004b6d   Thumb Code   106  main.o(i.youyi_half)
    youyi_total                              0x08004be1   Thumb Code    82  main.o(i.youyi_total)
    zuoyi                                    0x08004c3d   Thumb Code   106  main.o(i.zuoyi)
    zuoyi_half                               0x08004cb5   Thumb Code   106  main.o(i.zuoyi_half)
    __aeabi_fadd                             0x08004d29   Thumb Code     0  faddsub_clz.o(x$fpl$fadd)
    _fadd                                    0x08004d29   Thumb Code   196  faddsub_clz.o(x$fpl$fadd)
    __fpl_fcmp_Inf                           0x08004ded   Thumb Code    24  fcmpi.o(x$fpl$fcmpinf)
    __aeabi_f2iz                             0x08004e05   Thumb Code     0  ffix.o(x$fpl$ffix)
    _ffix                                    0x08004e05   Thumb Code    54  ffix.o(x$fpl$ffix)
    __aeabi_i2f                              0x08004e3d   Thumb Code     0  fflt_clz.o(x$fpl$fflt)
    _fflt                                    0x08004e3d   Thumb Code    48  fflt_clz.o(x$fpl$fflt)
    __aeabi_cfcmple                          0x08004e6d   Thumb Code     0  fleqf.o(x$fpl$fleqf)
    _fcmple                                  0x08004e6d   Thumb Code   104  fleqf.o(x$fpl$fleqf)
    __fpl_fcmple_InfNaN                      0x08004ebf   Thumb Code     0  fleqf.o(x$fpl$fleqf)
    __aeabi_fmul                             0x08004ed5   Thumb Code     0  fmul.o(x$fpl$fmul)
    _fmul                                    0x08004ed5   Thumb Code   258  fmul.o(x$fpl$fmul)
    __fpl_fnaninf                            0x08004fd7   Thumb Code   140  fnaninf.o(x$fpl$fnaninf)
    __fpl_fretinf                            0x08005063   Thumb Code    10  fretinf.o(x$fpl$fretinf)
    __aeabi_cfrcmple                         0x0800506d   Thumb Code     0  frleqf.o(x$fpl$frleqf)
    _frcmple                                 0x0800506d   Thumb Code    98  frleqf.o(x$fpl$frleqf)
    __aeabi_fsub                             0x080050d1   Thumb Code     0  faddsub_clz.o(x$fpl$fsub)
    _fsub                                    0x080050d1   Thumb Code   234  faddsub_clz.o(x$fpl$fsub)
    __I$use$fp                               0x080051ba   Number         0  usenofp.o(x$fpl$usenofp)
    asc2_1206                                0x080051ba   Data        1140  font.o(.constdata)
    asc2_1608                                0x0800562e   Data        1520  font.o(.constdata)
    asc2_2412                                0x08005c1e   Data        3420  font.o(.constdata)
    AHBPrescTable                            0x0800697a   Data          16  system_stm32f1xx.o(.constdata)
    APBPrescTable                            0x0800698a   Data           8  system_stm32f1xx.o(.constdata)
    Region$$Table$$Base                      0x08006994   Number         0  anon$$obj.o(Region$$Table)
    Region$$Table$$Limit                     0x080069b4   Number         0  anon$$obj.o(Region$$Table)
    x                                        0x20000000   Data           4  main.o(.data)
    y                                        0x20000004   Data           4  main.o(.data)
    yw                                       0x20000008   Data           4  main.o(.data)
    k210_state                               0x20000010   Data           2  main.o(.data)
    i                                        0x20000014   Data           4  main.o(.data)
    yaw_931                                  0x20000018   Data           4  main.o(.data)
    xun_flag                                 0x2000001c   Data           4  main.o(.data)
    time                                     0x20000020   Data           4  main.o(.data)
    QR_code_Order                            0x20000024   Data           6  main.o(.data)
    K_ser                                    0x20000030   Data           8  main.o(.data)
    speed_data                               0x20000038   Data           8  main.o(.data)
    motor_msg                                0x20000040   Data           8  main.o(.data)
    suduout                                  0x20000048   Data           8  main.o(.data)
    time_compare                             0x20000050   Data          12  main.o(.data)
    time_flag                                0x2000005c   Data          12  main.o(.data)
    Point_1                                  0x20000068   Data          12  main.o(.data)
    Point_2                                  0x20000074   Data          12  main.o(.data)
    Point_3                                  0x20000080   Data          12  main.o(.data)
    Point_4                                  0x2000008c   Data          12  main.o(.data)
    Point_5                                  0x20000098   Data          12  main.o(.data)
    Point_6                                  0x200000a4   Data          12  main.o(.data)
    Point_7                                  0x200000b0   Data          12  main.o(.data)
    Point_9                                  0x200000bc   Data          12  main.o(.data)
    Point1                                   0x200000c8   Data          12  main.o(.data)
    Point2                                   0x200000d4   Data          12  main.o(.data)
    Point3                                   0x200000e0   Data          12  main.o(.data)
    v_back                                   0x200000ec   Data           8  main.o(.data)
    speed_data1                              0x200000f4   Data           8  main.o(.data)
    bianmaqi_back                            0x200000fc   Data           8  main.o(.data)
    flag_id                                  0x20000104   Data           4  can.o(.data)
    rx_data                                  0x20000108   Data           8  can.o(.data)
    rx_len2                                  0x20000110   Data           1  usart.o(.data)
    recv_end_flag2                           0x20000111   Data           1  usart.o(.data)
    rx_len3                                  0x20000112   Data           1  usart.o(.data)
    recv_end_flag3                           0x20000113   Data           1  usart.o(.data)
    rx_len4                                  0x20000114   Data           1  usart.o(.data)
    recv_end_flag4                           0x20000115   Data           1  usart.o(.data)
    POINT_COLOR                              0x20000116   Data           2  lcd.o(.data)
    BACK_COLOR                               0x20000118   Data           2  lcd.o(.data)
    uwTickFreq                               0x2000011c   Data           1  stm32f1xx_hal.o(.data)
    uwTickPrio                               0x20000120   Data           4  stm32f1xx_hal.o(.data)
    uwTick                                   0x20000124   Data           4  stm32f1xx_hal.o(.data)
    SystemCoreClock                          0x20000128   Data           4  system_stm32f1xx.o(.data)
    message                                  0x2000012c   Data          56  main.o(.bss)
    xunji_flag                               0x20000164   Data          16  main.o(.bss)
    tof                                      0x20000174   Data          12  main.o(.bss)
    heibai_1                                 0x20000180   Data          28  main.o(.bss)
    heibai_2                                 0x2000019c   Data          28  main.o(.bss)
    heibai_3                                 0x200001b8   Data          28  main.o(.bss)
    heibai_4                                 0x200001d4   Data          28  main.o(.bss)
    Point_0                                  0x200001f0   Data          12  main.o(.bss)
    Point_8                                  0x200001fc   Data          12  main.o(.bss)
    car                                      0x20000208   Data          12  main.o(.bss)
    Point0                                   0x20000214   Data          12  main.o(.bss)
    xunji_count                              0x20000220   Data          16  main.o(.bss)
    xunji                                    0x20000230   Data          16  main.o(.bss)
    USART1_RX_BUF                            0x20000240   Data         200  main.o(.bss)
    USART2_RX_BUF                            0x20000308   Data         200  main.o(.bss)
    USART3_RX_BUF                            0x200003d0   Data         200  main.o(.bss)
    USART4_RX_BUF                            0x20000498   Data         200  main.o(.bss)
    USART5_RX_BUF                            0x20000560   Data         200  main.o(.bss)
    xun_pid                                  0x20000628   Data         208  main.o(.bss)
    Three                                    0x200006f8   Data          12  main.o(.bss)
    hcan                                     0x20000734   Data          40  can.o(.bss)
    hspi2                                    0x2000075c   Data          88  spi.o(.bss)
    htim2                                    0x200007b4   Data          72  tim.o(.bss)
    htim3                                    0x200007fc   Data          72  tim.o(.bss)
    htim4                                    0x20000844   Data          72  tim.o(.bss)
    htim5                                    0x2000088c   Data          72  tim.o(.bss)
    htim6                                    0x200008d4   Data          72  tim.o(.bss)
    rx_buffer2                               0x2000091c   Data         200  usart.o(.bss)
    rx_buffer3                               0x200009e4   Data         200  usart.o(.bss)
    rx_buffer4                               0x20000aac   Data         200  usart.o(.bss)
    huart4                                   0x20000b74   Data          68  usart.o(.bss)
    huart5                                   0x20000bb8   Data          68  usart.o(.bss)
    huart1                                   0x20000bfc   Data          68  usart.o(.bss)
    huart2                                   0x20000c40   Data          68  usart.o(.bss)
    huart3                                   0x20000c84   Data          68  usart.o(.bss)
    hdma_uart4_rx                            0x20000cc8   Data          68  usart.o(.bss)
    hdma_uart4_tx                            0x20000d0c   Data          68  usart.o(.bss)
    hdma_usart2_rx                           0x20000d50   Data          68  usart.o(.bss)
    hdma_usart2_tx                           0x20000d94   Data          68  usart.o(.bss)
    hdma_usart3_rx                           0x20000dd8   Data          68  usart.o(.bss)
    hdma_usart3_tx                           0x20000e1c   Data          68  usart.o(.bss)
    lcddev                                   0x20000e60   Data          14  lcd.o(.bss)
    motor_pid                                0x20000e70   Data         208  motor.o(.bss)
    adj                                      0x20000f40   Data          20  motor.o(.bss)
    __libspace_start                         0x20000f54   Data          96  libspace.o(.bss)
    __temporary_stack_top$libspace           0x20000fb4   Data           0  libspace.o(.bss)



==============================================================================

Memory Map of the image

  Image Entry point : 0x08000131

  Load Region LR_IROM1 (Base: 0x08000000, Size: 0x00006ae0, Max: 0x00040000, ABSOLUTE, COMPRESSED[0x000069e8])

    Execution Region ER_IROM1 (Exec base: 0x08000000, Load base: 0x08000000, Size: 0x000069b4, Max: 0x00040000, ABSOLUTE)

    Exec Addr    Load Addr    Size         Type   Attr      Idx    E Section Name        Object

    0x08000000   0x08000000   0x00000130   Data   RO            3    RESET               startup_stm32f103xe.o
    0x08000130   0x08000130   0x00000008   Code   RO         4589  * !!!main             c_w.l(__main.o)
    0x08000138   0x08000138   0x00000034   Code   RO         4911    !!!scatter          c_w.l(__scatter.o)
    0x0800016c   0x0800016c   0x0000005a   Code   RO         4909    !!dczerorl2         c_w.l(__dczerorl2.o)
    0x080001c6   0x080001c6   0x00000002   PAD
    0x080001c8   0x080001c8   0x0000001c   Code   RO         4913    !!handler_zi        c_w.l(__scatter_zi.o)
    0x080001e4   0x080001e4   0x00000002   Code   RO         4780    .ARM.Collect$$libinit$$00000000  c_w.l(libinit.o)
    0x080001e6   0x080001e6   0x00000000   Code   RO         4786    .ARM.Collect$$libinit$$00000002  c_w.l(libinit2.o)
    0x080001e6   0x080001e6   0x00000000   Code   RO         4788    .ARM.Collect$$libinit$$00000004  c_w.l(libinit2.o)
    0x080001e6   0x080001e6   0x00000000   Code   RO         4791    .ARM.Collect$$libinit$$0000000A  c_w.l(libinit2.o)
    0x080001e6   0x080001e6   0x00000000   Code   RO         4793    .ARM.Collect$$libinit$$0000000C  c_w.l(libinit2.o)
    0x080001e6   0x080001e6   0x00000000   Code   RO         4795    .ARM.Collect$$libinit$$0000000E  c_w.l(libinit2.o)
    0x080001e6   0x080001e6   0x00000000   Code   RO         4798    .ARM.Collect$$libinit$$00000011  c_w.l(libinit2.o)
    0x080001e6   0x080001e6   0x00000000   Code   RO         4800    .ARM.Collect$$libinit$$00000013  c_w.l(libinit2.o)
    0x080001e6   0x080001e6   0x00000000   Code   RO         4802    .ARM.Collect$$libinit$$00000015  c_w.l(libinit2.o)
    0x080001e6   0x080001e6   0x00000000   Code   RO         4804    .ARM.Collect$$libinit$$00000017  c_w.l(libinit2.o)
    0x080001e6   0x080001e6   0x00000000   Code   RO         4806    .ARM.Collect$$libinit$$00000019  c_w.l(libinit2.o)
    0x080001e6   0x080001e6   0x00000000   Code   RO         4808    .ARM.Collect$$libinit$$0000001B  c_w.l(libinit2.o)
    0x080001e6   0x080001e6   0x00000000   Code   RO         4810    .ARM.Collect$$libinit$$0000001D  c_w.l(libinit2.o)
    0x080001e6   0x080001e6   0x00000000   Code   RO         4812    .ARM.Collect$$libinit$$0000001F  c_w.l(libinit2.o)
    0x080001e6   0x080001e6   0x00000000   Code   RO         4814    .ARM.Collect$$libinit$$00000021  c_w.l(libinit2.o)
    0x080001e6   0x080001e6   0x00000000   Code   RO         4816    .ARM.Collect$$libinit$$00000023  c_w.l(libinit2.o)
    0x080001e6   0x080001e6   0x00000000   Code   RO         4818    .ARM.Collect$$libinit$$00000025  c_w.l(libinit2.o)
    0x080001e6   0x080001e6   0x00000000   Code   RO         4822    .ARM.Collect$$libinit$$0000002C  c_w.l(libinit2.o)
    0x080001e6   0x080001e6   0x00000000   Code   RO         4824    .ARM.Collect$$libinit$$0000002E  c_w.l(libinit2.o)
    0x080001e6   0x080001e6   0x00000000   Code   RO         4826    .ARM.Collect$$libinit$$00000030  c_w.l(libinit2.o)
    0x080001e6   0x080001e6   0x00000000   Code   RO         4828    .ARM.Collect$$libinit$$00000032  c_w.l(libinit2.o)
    0x080001e6   0x080001e6   0x00000002   Code   RO         4829    .ARM.Collect$$libinit$$00000033  c_w.l(libinit2.o)
    0x080001e8   0x080001e8   0x00000002   Code   RO         4849    .ARM.Collect$$libshutdown$$00000000  c_w.l(libshutdown.o)
    0x080001ea   0x080001ea   0x00000000   Code   RO         4862    .ARM.Collect$$libshutdown$$00000002  c_w.l(libshutdown2.o)
    0x080001ea   0x080001ea   0x00000000   Code   RO         4864    .ARM.Collect$$libshutdown$$00000004  c_w.l(libshutdown2.o)
    0x080001ea   0x080001ea   0x00000000   Code   RO         4867    .ARM.Collect$$libshutdown$$00000007  c_w.l(libshutdown2.o)
    0x080001ea   0x080001ea   0x00000000   Code   RO         4870    .ARM.Collect$$libshutdown$$0000000A  c_w.l(libshutdown2.o)
    0x080001ea   0x080001ea   0x00000000   Code   RO         4872    .ARM.Collect$$libshutdown$$0000000C  c_w.l(libshutdown2.o)
    0x080001ea   0x080001ea   0x00000000   Code   RO         4875    .ARM.Collect$$libshutdown$$0000000F  c_w.l(libshutdown2.o)
    0x080001ea   0x080001ea   0x00000002   Code   RO         4876    .ARM.Collect$$libshutdown$$00000010  c_w.l(libshutdown2.o)
    0x080001ec   0x080001ec   0x00000000   Code   RO         4675    .ARM.Collect$$rtentry$$00000000  c_w.l(__rtentry.o)
    0x080001ec   0x080001ec   0x00000000   Code   RO         4737    .ARM.Collect$$rtentry$$00000002  c_w.l(__rtentry2.o)
    0x080001ec   0x080001ec   0x00000006   Code   RO         4749    .ARM.Collect$$rtentry$$00000004  c_w.l(__rtentry4.o)
    0x080001f2   0x080001f2   0x00000000   Code   RO         4739    .ARM.Collect$$rtentry$$00000009  c_w.l(__rtentry2.o)
    0x080001f2   0x080001f2   0x00000004   Code   RO         4740    .ARM.Collect$$rtentry$$0000000A  c_w.l(__rtentry2.o)
    0x080001f6   0x080001f6   0x00000000   Code   RO         4742    .ARM.Collect$$rtentry$$0000000C  c_w.l(__rtentry2.o)
    0x080001f6   0x080001f6   0x00000008   Code   RO         4743    .ARM.Collect$$rtentry$$0000000D  c_w.l(__rtentry2.o)
    0x080001fe   0x080001fe   0x00000002   Code   RO         4783    .ARM.Collect$$rtexit$$00000000  c_w.l(rtexit.o)
    0x08000200   0x08000200   0x00000000   Code   RO         4831    .ARM.Collect$$rtexit$$00000002  c_w.l(rtexit2.o)
    0x08000200   0x08000200   0x00000004   Code   RO         4832    .ARM.Collect$$rtexit$$00000003  c_w.l(rtexit2.o)
    0x08000204   0x08000204   0x00000006   Code   RO         4833    .ARM.Collect$$rtexit$$00000004  c_w.l(rtexit2.o)
    0x0800020a   0x0800020a   0x00000002   PAD
    0x0800020c   0x0800020c   0x00000040   Code   RO            4    .text               startup_stm32f103xe.o
    0x0800024c   0x0800024c   0x0000004e   Code   RO         4585    .text               c_w.l(rt_memclr_w.o)
    0x0800029a   0x0800029a   0x00000006   Code   RO         4587    .text               c_w.l(heapauxi.o)
    0x080002a0   0x080002a0   0x00000008   Code   RO         4768    .text               c_w.l(libspace.o)
    0x080002a8   0x080002a8   0x0000004a   Code   RO         4771    .text               c_w.l(sys_stackheap_outer.o)
    0x080002f2   0x080002f2   0x00000012   Code   RO         4773    .text               c_w.l(exit.o)
    0x08000304   0x08000304   0x0000000c   Code   RO         4841    .text               c_w.l(sys_exit.o)
    0x08000310   0x08000310   0x00000002   Code   RO         4852    .text               c_w.l(use_no_semi.o)
    0x08000312   0x08000312   0x00000000   Code   RO         4854    .text               c_w.l(indicate_semi.o)
    0x08000312   0x08000312   0x00000002   Code   RO          825    i.BusFault_Handler  stm32f1xx_it.o
    0x08000314   0x08000314   0x00000050   Code   RO          544    i.CAN_filter_Init   can.o
    0x08000364   0x08000364   0x0000000c   Code   RO          826    i.DMA1_Channel2_IRQHandler  stm32f1xx_it.o
    0x08000370   0x08000370   0x0000000c   Code   RO          827    i.DMA1_Channel3_IRQHandler  stm32f1xx_it.o
    0x0800037c   0x0800037c   0x0000000c   Code   RO          828    i.DMA1_Channel6_IRQHandler  stm32f1xx_it.o
    0x08000388   0x08000388   0x0000000c   Code   RO          829    i.DMA1_Channel7_IRQHandler  stm32f1xx_it.o
    0x08000394   0x08000394   0x0000000c   Code   RO          830    i.DMA2_Channel3_IRQHandler  stm32f1xx_it.o
    0x080003a0   0x080003a0   0x0000000c   Code   RO          831    i.DMA2_Channel4_5_IRQHandler  stm32f1xx_it.o
    0x080003ac   0x080003ac   0x0000002a   Code   RO         2297    i.DMA_SetConfig     stm32f1xx_hal_dma.o
    0x080003d6   0x080003d6   0x00000002   PAD
    0x080003d8   0x080003d8   0x0000004c   Code   RO           13    i.DMA_receive2      main.o
    0x08000424   0x08000424   0x0000004c   Code   RO           14    i.DMA_receive3      main.o
    0x08000470   0x08000470   0x0000004c   Code   RO           15    i.DMA_receive4      main.o
    0x080004bc   0x080004bc   0x000000c0   Code   RO         1409    i.Dael_Coordinate   deal.o
    0x0800057c   0x0800057c   0x00000002   Code   RO          832    i.DebugMon_Handler  stm32f1xx_it.o
    0x0800057e   0x0800057e   0x00000004   Code   RO           16    i.Error_Handler     main.o
    0x08000582   0x08000582   0x00000024   Code   RO         1686    i.HAL_CAN_ActivateNotification  stm32f1xx_hal_can.o
    0x080005a6   0x080005a6   0x000000c8   Code   RO         1687    i.HAL_CAN_AddTxMessage  stm32f1xx_hal_can.o
    0x0800066e   0x0800066e   0x00000002   PAD
    0x08000670   0x08000670   0x000000ee   Code   RO         1688    i.HAL_CAN_ConfigFilter  stm32f1xx_hal_can.o
    0x0800075e   0x0800075e   0x00000002   Code   RO         1691    i.HAL_CAN_ErrorCallback  stm32f1xx_hal_can.o
    0x08000760   0x08000760   0x000000e8   Code   RO         1694    i.HAL_CAN_GetRxMessage  stm32f1xx_hal_can.o
    0x08000848   0x08000848   0x000001fc   Code   RO         1698    i.HAL_CAN_IRQHandler  stm32f1xx_hal_can.o
    0x08000a44   0x08000a44   0x0000011a   Code   RO         1699    i.HAL_CAN_Init      stm32f1xx_hal_can.o
    0x08000b5e   0x08000b5e   0x00000002   PAD
    0x08000b60   0x08000b60   0x00000094   Code   RO          547    i.HAL_CAN_MspInit   can.o
    0x08000bf4   0x08000bf4   0x00000002   Code   RO         1706    i.HAL_CAN_RxFifo0FullCallback  stm32f1xx_hal_can.o
    0x08000bf6   0x08000bf6   0x00000002   PAD
    0x08000bf8   0x08000bf8   0x000000ec   Code   RO          548    i.HAL_CAN_RxFifo0MsgPendingCallback  can.o
    0x08000ce4   0x08000ce4   0x00000002   Code   RO         1708    i.HAL_CAN_RxFifo1FullCallback  stm32f1xx_hal_can.o
    0x08000ce6   0x08000ce6   0x00000002   Code   RO         1709    i.HAL_CAN_RxFifo1MsgPendingCallback  stm32f1xx_hal_can.o
    0x08000ce8   0x08000ce8   0x00000002   Code   RO         1710    i.HAL_CAN_SleepCallback  stm32f1xx_hal_can.o
    0x08000cea   0x08000cea   0x00000002   PAD
    0x08000cec   0x08000cec   0x00000058   Code   RO         1711    i.HAL_CAN_Start     stm32f1xx_hal_can.o
    0x08000d44   0x08000d44   0x00000002   Code   RO         1713    i.HAL_CAN_TxMailbox0AbortCallback  stm32f1xx_hal_can.o
    0x08000d46   0x08000d46   0x00000002   Code   RO         1714    i.HAL_CAN_TxMailbox0CompleteCallback  stm32f1xx_hal_can.o
    0x08000d48   0x08000d48   0x00000002   Code   RO         1715    i.HAL_CAN_TxMailbox1AbortCallback  stm32f1xx_hal_can.o
    0x08000d4a   0x08000d4a   0x00000002   Code   RO         1716    i.HAL_CAN_TxMailbox1CompleteCallback  stm32f1xx_hal_can.o
    0x08000d4c   0x08000d4c   0x00000002   Code   RO         1717    i.HAL_CAN_TxMailbox2AbortCallback  stm32f1xx_hal_can.o
    0x08000d4e   0x08000d4e   0x00000002   Code   RO         1718    i.HAL_CAN_TxMailbox2CompleteCallback  stm32f1xx_hal_can.o
    0x08000d50   0x08000d50   0x00000002   Code   RO         1720    i.HAL_CAN_WakeUpFromRxMsgCallback  stm32f1xx_hal_can.o
    0x08000d52   0x08000d52   0x00000046   Code   RO         2298    i.HAL_DMA_Abort     stm32f1xx_hal_dma.o
    0x08000d98   0x08000d98   0x00000130   Code   RO         2299    i.HAL_DMA_Abort_IT  stm32f1xx_hal_dma.o
    0x08000ec8   0x08000ec8   0x00000248   Code   RO         2303    i.HAL_DMA_IRQHandler  stm32f1xx_hal_dma.o
    0x08001110   0x08001110   0x0000007c   Code   RO         2304    i.HAL_DMA_Init      stm32f1xx_hal_dma.o
    0x0800118c   0x0800118c   0x00000070   Code   RO         2308    i.HAL_DMA_Start_IT  stm32f1xx_hal_dma.o
    0x080011fc   0x080011fc   0x00000024   Code   RO         1926    i.HAL_Delay         stm32f1xx_hal.o
    0x08001220   0x08001220   0x000001f8   Code   RO         2234    i.HAL_GPIO_Init     stm32f1xx_hal_gpio.o
    0x08001418   0x08001418   0x0000000a   Code   RO         2238    i.HAL_GPIO_WritePin  stm32f1xx_hal_gpio.o
    0x08001422   0x08001422   0x00000002   PAD
    0x08001424   0x08001424   0x0000000c   Code   RO         1930    i.HAL_GetTick       stm32f1xx_hal.o
    0x08001430   0x08001430   0x00000010   Code   RO         1936    i.HAL_IncTick       stm32f1xx_hal.o
    0x08001440   0x08001440   0x00000024   Code   RO         1937    i.HAL_Init          stm32f1xx_hal.o
    0x08001464   0x08001464   0x00000040   Code   RO         1938    i.HAL_InitTick      stm32f1xx_hal.o
    0x080014a4   0x080014a4   0x0000003c   Code   RO         1003    i.HAL_MspInit       stm32f1xx_hal_msp.o
    0x080014e0   0x080014e0   0x0000001a   Code   RO         2394    i.HAL_NVIC_EnableIRQ  stm32f1xx_hal_cortex.o
    0x080014fa   0x080014fa   0x00000002   PAD
    0x080014fc   0x080014fc   0x00000040   Code   RO         2400    i.HAL_NVIC_SetPriority  stm32f1xx_hal_cortex.o
    0x0800153c   0x0800153c   0x00000024   Code   RO         2401    i.HAL_NVIC_SetPriorityGrouping  stm32f1xx_hal_cortex.o
    0x08001560   0x08001560   0x0000012c   Code   RO         2094    i.HAL_RCC_ClockConfig  stm32f1xx_hal_rcc.o
    0x0800168c   0x0800168c   0x00000020   Code   RO         2101    i.HAL_RCC_GetPCLK1Freq  stm32f1xx_hal_rcc.o
    0x080016ac   0x080016ac   0x00000020   Code   RO         2102    i.HAL_RCC_GetPCLK2Freq  stm32f1xx_hal_rcc.o
    0x080016cc   0x080016cc   0x0000006c   Code   RO         2103    i.HAL_RCC_GetSysClockFreq  stm32f1xx_hal_rcc.o
    0x08001738   0x08001738   0x00000320   Code   RO         2106    i.HAL_RCC_OscConfig  stm32f1xx_hal_rcc.o
    0x08001a58   0x08001a58   0x000000b2   Code   RO         2905    i.HAL_SPI_Init      stm32f1xx_hal_spi.o
    0x08001b0a   0x08001b0a   0x00000002   PAD
    0x08001b0c   0x08001b0c   0x00000074   Code   RO          646    i.HAL_SPI_MspInit   spi.o
    0x08001b80   0x08001b80   0x000001e2   Code   RO         2914    i.HAL_SPI_TransmitReceive  stm32f1xx_hal_spi.o
    0x08001d62   0x08001d62   0x00000028   Code   RO         2405    i.HAL_SYSTICK_Config  stm32f1xx_hal_cortex.o
    0x08001d8a   0x08001d8a   0x00000002   Code   RO         3922    i.HAL_TIMEx_BreakCallback  stm32f1xx_hal_tim_ex.o
    0x08001d8c   0x08001d8c   0x00000002   Code   RO         3923    i.HAL_TIMEx_CommutCallback  stm32f1xx_hal_tim_ex.o
    0x08001d8e   0x08001d8e   0x00000002   PAD
    0x08001d90   0x08001d90   0x0000007c   Code   RO         3941    i.HAL_TIMEx_MasterConfigSynchronization  stm32f1xx_hal_tim_ex.o
    0x08001e0c   0x08001e0c   0x0000005a   Code   RO         3218    i.HAL_TIM_Base_Init  stm32f1xx_hal_tim.o
    0x08001e66   0x08001e66   0x00000002   PAD
    0x08001e68   0x08001e68   0x000000d8   Code   RO          688    i.HAL_TIM_Base_MspInit  tim.o
    0x08001f40   0x08001f40   0x0000006c   Code   RO         3223    i.HAL_TIM_Base_Start_IT  stm32f1xx_hal_tim.o
    0x08001fac   0x08001fac   0x00000030   Code   RO         3226    i.HAL_TIM_Base_Stop_IT  stm32f1xx_hal_tim.o
    0x08001fdc   0x08001fdc   0x000000d6   Code   RO         3227    i.HAL_TIM_ConfigClockSource  stm32f1xx_hal_tim.o
    0x080020b2   0x080020b2   0x00000002   Code   RO         3252    i.HAL_TIM_IC_CaptureCallback  stm32f1xx_hal_tim.o
    0x080020b4   0x080020b4   0x00000166   Code   RO         3266    i.HAL_TIM_IRQHandler  stm32f1xx_hal_tim.o
    0x0800221a   0x0800221a   0x00000002   Code   RO         3269    i.HAL_TIM_OC_DelayElapsedCallback  stm32f1xx_hal_tim.o
    0x0800221c   0x0800221c   0x00000002   Code   RO         3296    i.HAL_TIM_PWM_PulseFinishedCallback  stm32f1xx_hal_tim.o
    0x0800221e   0x0800221e   0x00000002   PAD
    0x08002220   0x08002220   0x00000078   Code   RO           17    i.HAL_TIM_PeriodElapsedCallback  main.o
    0x08002298   0x08002298   0x00000002   Code   RO         3309    i.HAL_TIM_TriggerCallback  stm32f1xx_hal_tim.o
    0x0800229a   0x0800229a   0x00000002   Code   RO         4200    i.HAL_UARTEx_RxEventCallback  stm32f1xx_hal_uart.o
    0x0800229c   0x0800229c   0x00000058   Code   RO         4212    i.HAL_UART_DMAStop  stm32f1xx_hal_uart.o
    0x080022f4   0x080022f4   0x00000002   Code   RO         4214    i.HAL_UART_ErrorCallback  stm32f1xx_hal_uart.o
    0x080022f6   0x080022f6   0x00000002   PAD
    0x080022f8   0x080022f8   0x0000020c   Code   RO         4217    i.HAL_UART_IRQHandler  stm32f1xx_hal_uart.o
    0x08002504   0x08002504   0x00000062   Code   RO         4218    i.HAL_UART_Init     stm32f1xx_hal_uart.o
    0x08002566   0x08002566   0x00000002   PAD
    0x08002568   0x08002568   0x00000344   Code   RO          754    i.HAL_UART_MspInit  usart.o
    0x080028ac   0x080028ac   0x0000002a   Code   RO         4222    i.HAL_UART_Receive_DMA  stm32f1xx_hal_uart.o
    0x080028d6   0x080028d6   0x0000002a   Code   RO         4223    i.HAL_UART_Receive_IT  stm32f1xx_hal_uart.o
    0x08002900   0x08002900   0x00000018   Code   RO           18    i.HAL_UART_RxCpltCallback  main.o
    0x08002918   0x08002918   0x00000002   Code   RO         4225    i.HAL_UART_RxHalfCpltCallback  stm32f1xx_hal_uart.o
    0x0800291a   0x0800291a   0x00000002   PAD
    0x0800291c   0x0800291c   0x000000b2   Code   RO         4226    i.HAL_UART_Transmit  stm32f1xx_hal_uart.o
    0x080029ce   0x080029ce   0x00000002   Code   RO         4229    i.HAL_UART_TxCpltCallback  stm32f1xx_hal_uart.o
    0x080029d0   0x080029d0   0x00000002   Code   RO          833    i.HardFault_Handler  stm32f1xx_it.o
    0x080029d2   0x080029d2   0x00000002   PAD
    0x080029d4   0x080029d4   0x00000040   Code   RO         1094    i.LCD_Clear         lcd.o
    0x08002a14   0x08002a14   0x000000a8   Code   RO         1098    i.LCD_Display_Dir   lcd.o
    0x08002abc   0x08002abc   0x00000040   Code   RO         1103    i.LCD_Fast_DrawPoint  lcd.o
    0x08002afc   0x08002afc   0x00000020   Code   RO         1105    i.LCD_GPIO_Init     lcd.o
    0x08002b1c   0x08002b1c   0x00000030   Code   RO         1106    i.LCD_HardwareRest  lcd.o
    0x08002b4c   0x08002b4c   0x0000021c   Code   RO         1107    i.LCD_Init          lcd.o
    0x08002d68   0x08002d68   0x00000010   Code   RO         1108    i.LCD_Pow           lcd.o
    0x08002d78   0x08002d78   0x00000036   Code   RO         1109    i.LCD_Scan_Dir      lcd.o
    0x08002dae   0x08002dae   0x00000002   PAD
    0x08002db0   0x08002db0   0x0000002c   Code   RO         1110    i.LCD_SetCursor     lcd.o
    0x08002ddc   0x08002ddc   0x00000044   Code   RO         1111    i.LCD_Set_Window    lcd.o
    0x08002e20   0x08002e20   0x000000d0   Code   RO         1112    i.LCD_ShowChar      lcd.o
    0x08002ef0   0x08002ef0   0x00000072   Code   RO         1113    i.LCD_ShowNum       lcd.o
    0x08002f62   0x08002f62   0x00000012   Code   RO         1116    i.LCD_SoftRest      lcd.o
    0x08002f74   0x08002f74   0x00000048   Code   RO         1117    i.LCD_WR_DATA16     lcd.o
    0x08002fbc   0x08002fbc   0x0000003c   Code   RO         1118    i.LCD_WR_DATA8      lcd.o
    0x08002ff8   0x08002ff8   0x0000003c   Code   RO         1119    i.LCD_WR_REG        lcd.o
    0x08003034   0x08003034   0x00000010   Code   RO         1121    i.LCD_WriteRAM_Prepare  lcd.o
    0x08003044   0x08003044   0x00000014   Code   RO         1122    i.LCD_WriteReg      lcd.o
    0x08003058   0x08003058   0x00000048   Code   RO          549    i.MX_CAN_Init       can.o
    0x080030a0   0x080030a0   0x0000008c   Code   RO          621    i.MX_DMA_Init       dma.o
    0x0800312c   0x0800312c   0x000000dc   Code   RO          512    i.MX_GPIO_Init      gpio.o
    0x08003208   0x08003208   0x00000044   Code   RO          647    i.MX_SPI2_Init      spi.o
    0x0800324c   0x0800324c   0x00000068   Code   RO          689    i.MX_TIM2_Init      tim.o
    0x080032b4   0x080032b4   0x00000068   Code   RO          690    i.MX_TIM3_Init      tim.o
    0x0800331c   0x0800331c   0x0000006c   Code   RO          691    i.MX_TIM4_Init      tim.o
    0x08003388   0x08003388   0x0000006c   Code   RO          692    i.MX_TIM5_Init      tim.o
    0x080033f4   0x080033f4   0x00000044   Code   RO          693    i.MX_TIM6_Init      tim.o
    0x08003438   0x08003438   0x0000004c   Code   RO          755    i.MX_UART4_Init     usart.o
    0x08003484   0x08003484   0x00000038   Code   RO          756    i.MX_UART5_Init     usart.o
    0x080034bc   0x080034bc   0x00000038   Code   RO          757    i.MX_USART1_UART_Init  usart.o
    0x080034f4   0x080034f4   0x00000050   Code   RO          758    i.MX_USART2_UART_Init  usart.o
    0x08003544   0x08003544   0x00000050   Code   RO          759    i.MX_USART3_UART_Init  usart.o
    0x08003594   0x08003594   0x00000002   Code   RO          834    i.MemManage_Handler  stm32f1xx_it.o
    0x08003596   0x08003596   0x00000002   Code   RO          835    i.NMI_Handler       stm32f1xx_it.o
    0x08003598   0x08003598   0x00000002   Code   RO          836    i.PendSV_Handler    stm32f1xx_it.o
    0x0800359a   0x0800359a   0x00000002   PAD
    0x0800359c   0x0800359c   0x00000020   Code   RO         1124    i.SPI2_ReadWriteByte  lcd.o
    0x080035bc   0x080035bc   0x00000020   Code   RO         2943    i.SPI_EndRxTxTransaction  stm32f1xx_hal_spi.o
    0x080035dc   0x080035dc   0x000000b8   Code   RO         2948    i.SPI_WaitFlagStateUntilTimeout  stm32f1xx_hal_spi.o
    0x08003694   0x08003694   0x00000002   Code   RO          837    i.SVC_Handler       stm32f1xx_it.o
    0x08003696   0x08003696   0x00000004   Code   RO          838    i.SysTick_Handler   stm32f1xx_it.o
    0x0800369a   0x0800369a   0x0000005e   Code   RO           19    i.SystemClock_Config  main.o
    0x080036f8   0x080036f8   0x00000002   Code   RO         4547    i.SystemInit        system_stm32f1xx.o
    0x080036fa   0x080036fa   0x00000002   PAD
    0x080036fc   0x080036fc   0x0000000c   Code   RO          839    i.TIM2_IRQHandler   stm32f1xx_it.o
    0x08003708   0x08003708   0x0000000c   Code   RO          840    i.TIM3_IRQHandler   stm32f1xx_it.o
    0x08003714   0x08003714   0x0000000c   Code   RO          841    i.TIM4_IRQHandler   stm32f1xx_it.o
    0x08003720   0x08003720   0x0000000c   Code   RO          842    i.TIM5_IRQHandler   stm32f1xx_it.o
    0x0800372c   0x0800372c   0x0000000c   Code   RO          843    i.TIM6_IRQHandler   stm32f1xx_it.o
    0x08003738   0x08003738   0x0000008c   Code   RO         3311    i.TIM_Base_SetConfig  stm32f1xx_hal_tim.o
    0x080037c4   0x080037c4   0x00000014   Code   RO         3322    i.TIM_ETR_SetConfig  stm32f1xx_hal_tim.o
    0x080037d8   0x080037d8   0x00000010   Code   RO         3323    i.TIM_ITRx_SetConfig  stm32f1xx_hal_tim.o
    0x080037e8   0x080037e8   0x00000022   Code   RO         3329    i.TIM_TI1_ConfigInputStage  stm32f1xx_hal_tim.o
    0x0800380a   0x0800380a   0x00000024   Code   RO         3331    i.TIM_TI2_ConfigInputStage  stm32f1xx_hal_tim.o
    0x0800382e   0x0800382e   0x00000002   PAD
    0x08003830   0x08003830   0x00000048   Code   RO          844    i.UART4_IRQHandler  stm32f1xx_it.o
    0x08003878   0x08003878   0x0000000c   Code   RO          845    i.UART5_IRQHandler  stm32f1xx_it.o
    0x08003884   0x08003884   0x00000010   Code   RO         4231    i.UART_DMAAbortOnError  stm32f1xx_hal_uart.o
    0x08003894   0x08003894   0x0000004a   Code   RO         4232    i.UART_DMAError     stm32f1xx_hal_uart.o
    0x080038de   0x080038de   0x0000005a   Code   RO         4233    i.UART_DMAReceiveCplt  stm32f1xx_hal_uart.o
    0x08003938   0x08003938   0x0000001a   Code   RO         4235    i.UART_DMARxHalfCplt  stm32f1xx_hal_uart.o
    0x08003952   0x08003952   0x00000030   Code   RO         4241    i.UART_EndRxTransfer  stm32f1xx_hal_uart.o
    0x08003982   0x08003982   0x00000012   Code   RO         4242    i.UART_EndTxTransfer  stm32f1xx_hal_uart.o
    0x08003994   0x08003994   0x000000b6   Code   RO         4243    i.UART_Receive_IT   stm32f1xx_hal_uart.o
    0x08003a4a   0x08003a4a   0x00000002   PAD
    0x08003a4c   0x08003a4c   0x000000b8   Code   RO         4244    i.UART_SetConfig    stm32f1xx_hal_uart.o
    0x08003b04   0x08003b04   0x00000070   Code   RO         4245    i.UART_Start_Receive_DMA  stm32f1xx_hal_uart.o
    0x08003b74   0x08003b74   0x00000036   Code   RO         4246    i.UART_Start_Receive_IT  stm32f1xx_hal_uart.o
    0x08003baa   0x08003baa   0x00000064   Code   RO         4247    i.UART_WaitOnFlagUntilTimeout  stm32f1xx_hal_uart.o
    0x08003c0e   0x08003c0e   0x00000002   PAD
    0x08003c10   0x08003c10   0x0000000c   Code   RO          846    i.USART1_IRQHandler  stm32f1xx_it.o
    0x08003c1c   0x08003c1c   0x00000048   Code   RO          847    i.USART2_IRQHandler  stm32f1xx_it.o
    0x08003c64   0x08003c64   0x00000048   Code   RO          848    i.USART3_IRQHandler  stm32f1xx_it.o
    0x08003cac   0x08003cac   0x0000000c   Code   RO          849    i.USB_LP_CAN1_RX0_IRQHandler  stm32f1xx_it.o
    0x08003cb8   0x08003cb8   0x00000002   Code   RO          850    i.UsageFault_Handler  stm32f1xx_it.o
    0x08003cba   0x08003cba   0x00000020   Code   RO         2407    i.__NVIC_SetPriority  stm32f1xx_hal_cortex.o
    0x08003cda   0x08003cda   0x00000002   PAD
    0x08003cdc   0x08003cdc   0x0000003c   Code   RO           22    i.count             main.o
    0x08003d18   0x08003d18   0x00000048   Code   RO           23    i.count_1           main.o
    0x08003d60   0x08003d60   0x00000048   Code   RO           24    i.count_2           main.o
    0x08003da8   0x08003da8   0x00000074   Code   RO           29    i.houtui            main.o
    0x08003e1c   0x08003e1c   0x00000074   Code   RO           30    i.houtui_half       main.o
    0x08003e90   0x08003e90   0x00000084   Code   RO           32    i.k210_handle       main.o
    0x08003f14   0x08003f14   0x00000308   Code   RO           33    i.main              main.o
    0x0800421c   0x0800421c   0x0000009c   Code   RO           34    i.migong_gezi       main.o
    0x080042b8   0x080042b8   0x00000060   Code   RO         1438    i.motor_pid_init    motor.o
    0x08004318   0x08004318   0x000000ac   Code   RO         1439    i.motor_pid_set     motor.o
    0x080043c4   0x080043c4   0x00000090   Code   RO          550    i.motor_send        can.o
    0x08004454   0x08004454   0x000000a8   Code   RO         1520    i.pid_calc          pid.o
    0x080044fc   0x080044fc   0x00000088   Code   RO         1521    i.pid_calc1         pid.o
    0x08004584   0x08004584   0x0000000c   Code   RO         1522    i.pid_init          pid.o
    0x08004590   0x08004590   0x00000074   Code   RO           42    i.qianjin           main.o
    0x08004604   0x08004604   0x00000074   Code   RO           43    i.qianjin_half      main.o
    0x08004678   0x08004678   0x00000016   Code   RO           44    i.qianjin_total     main.o
    0x0800468e   0x0800468e   0x00000002   PAD
    0x08004690   0x08004690   0x0000001a   Code   RO         1592    i.rx_data_count     xunji.o
    0x080046aa   0x080046aa   0x00000002   PAD
    0x080046ac   0x080046ac   0x00000030   Code   RO         1440    i.speed_input       motor.o
    0x080046dc   0x080046dc   0x00000074   Code   RO         1441    i.speed_set         motor.o
    0x08004750   0x08004750   0x0000006c   Code   RO         1442    i.speed_set_without_pid  motor.o
    0x080047bc   0x080047bc   0x0000005c   Code   RO         1443    i.speed_stop        motor.o
    0x08004818   0x08004818   0x000000c4   Code   RO           45    i.tof_handle        main.o
    0x080048dc   0x080048dc   0x00000068   Code   RO           47    i.xun_pid_init      main.o
    0x08004944   0x08004944   0x000001b0   Code   RO           48    i.xunxian_pid       main.o
    0x08004af4   0x08004af4   0x00000078   Code   RO           49    i.youyi             main.o
    0x08004b6c   0x08004b6c   0x00000074   Code   RO           50    i.youyi_half        main.o
    0x08004be0   0x08004be0   0x0000005c   Code   RO           51    i.youyi_total       main.o
    0x08004c3c   0x08004c3c   0x00000078   Code   RO           52    i.zuoyi             main.o
    0x08004cb4   0x08004cb4   0x00000074   Code   RO           53    i.zuoyi_half        main.o
    0x08004d28   0x08004d28   0x000000c4   Code   RO         4611    x$fpl$fadd          fz_ws.l(faddsub_clz.o)
    0x08004dec   0x08004dec   0x00000018   Code   RO         4762    x$fpl$fcmpinf       fz_ws.l(fcmpi.o)
    0x08004e04   0x08004e04   0x00000036   Code   RO         4617    x$fpl$ffix          fz_ws.l(ffix.o)
    0x08004e3a   0x08004e3a   0x00000002   PAD
    0x08004e3c   0x08004e3c   0x00000030   Code   RO         4622    x$fpl$fflt          fz_ws.l(fflt_clz.o)
    0x08004e6c   0x08004e6c   0x00000068   Code   RO         4688    x$fpl$fleqf         fz_ws.l(fleqf.o)
    0x08004ed4   0x08004ed4   0x00000102   Code   RO         4627    x$fpl$fmul          fz_ws.l(fmul.o)
    0x08004fd6   0x08004fd6   0x0000008c   Code   RO         4690    x$fpl$fnaninf       fz_ws.l(fnaninf.o)
    0x08005062   0x08005062   0x0000000a   Code   RO         4692    x$fpl$fretinf       fz_ws.l(fretinf.o)
    0x0800506c   0x0800506c   0x00000062   Code   RO         4629    x$fpl$frleqf        fz_ws.l(frleqf.o)
    0x080050ce   0x080050ce   0x00000002   PAD
    0x080050d0   0x080050d0   0x000000ea   Code   RO         4613    x$fpl$fsub          fz_ws.l(faddsub_clz.o)
    0x080051ba   0x080051ba   0x00000000   Code   RO         4694    x$fpl$usenofp       fz_ws.l(usenofp.o)
    0x080051ba   0x080051ba   0x00000474   Data   RO         1071    .constdata          font.o
    0x0800562e   0x0800562e   0x000005f0   Data   RO         1072    .constdata          font.o
    0x08005c1e   0x08005c1e   0x00000d5c   Data   RO         1073    .constdata          font.o
    0x0800697a   0x0800697a   0x00000010   Data   RO         4548    .constdata          system_stm32f1xx.o
    0x0800698a   0x0800698a   0x00000008   Data   RO         4549    .constdata          system_stm32f1xx.o
    0x08006992   0x08006992   0x00000002   PAD
    0x08006994   0x08006994   0x00000020   Data   RO         4907    Region$$Table       anon$$obj.o


    Execution Region RW_IRAM1 (Exec base: 0x20000000, Load base: 0x080069b4, Size: 0x000015b8, Max: 0x0000c000, ABSOLUTE, COMPRESSED[0x00000034])

    Exec Addr    Load Addr    Size         Type   Attr      Idx    E Section Name        Object

    0x20000000   COMPRESSED   0x00000004   Data   RW           64    .data               main.o
    0x20000004   COMPRESSED   0x00000004   Data   RW           65    .data               main.o
    0x20000008   COMPRESSED   0x00000004   Data   RW           66    .data               main.o
    0x2000000c   COMPRESSED   0x00000004   PAD
    0x20000010   COMPRESSED   0x000000dc   Data   RW           67    .data               main.o
    0x200000ec   COMPRESSED   0x00000008   Data   RW           68    .data               main.o
    0x200000f4   COMPRESSED   0x00000008   Data   RW          130    .data               main.o
    0x200000fc   COMPRESSED   0x00000008   Data   RW          131    .data               main.o
    0x20000104   COMPRESSED   0x0000000c   Data   RW          553    .data               can.o
    0x20000110   COMPRESSED   0x00000001   Data   RW          761    .data               usart.o
    0x20000111   COMPRESSED   0x00000001   Data   RW          762    .data               usart.o
    0x20000112   COMPRESSED   0x00000001   Data   RW          763    .data               usart.o
    0x20000113   COMPRESSED   0x00000001   Data   RW          764    .data               usart.o
    0x20000114   COMPRESSED   0x00000001   Data   RW          765    .data               usart.o
    0x20000115   COMPRESSED   0x00000001   Data   RW          766    .data               usart.o
    0x20000116   COMPRESSED   0x00000004   Data   RW         1126    .data               lcd.o
    0x2000011a   COMPRESSED   0x00000002   PAD
    0x2000011c   COMPRESSED   0x0000000c   Data   RW         1944    .data               stm32f1xx_hal.o
    0x20000128   COMPRESSED   0x00000004   Data   RW         4550    .data               system_stm32f1xx.o
    0x2000012c        -       0x000005cc   Zero   RW           54    .bss                main.o
    0x200006f8        -       0x0000000c   Zero   RW           55    .bss                main.o
    0x20000704        -       0x00000058   Zero   RW          552    .bss                can.o
    0x2000075c        -       0x00000058   Zero   RW          648    .bss                spi.o
    0x200007b4        -       0x00000168   Zero   RW          694    .bss                tim.o
    0x2000091c        -       0x00000544   Zero   RW          760    .bss                usart.o
    0x20000e60        -       0x0000000e   Zero   RW         1125    .bss                lcd.o
    0x20000e6e   COMPRESSED   0x00000002   PAD
    0x20000e70        -       0x000000d0   Zero   RW         1444    .bss                motor.o
    0x20000f40        -       0x00000014   Zero   RW         1446    .bss                motor.o
    0x20000f54        -       0x00000060   Zero   RW         4769    .bss                c_w.l(libspace.o)
    0x20000fb4   COMPRESSED   0x00000004   PAD
    0x20000fb8        -       0x00000200   Zero   RW            2    HEAP                startup_stm32f103xe.o
    0x200011b8        -       0x00000400   Zero   RW            1    STACK               startup_stm32f103xe.o


==============================================================================

Image component sizes


      Code (inc. data)   RO Data    RW Data    ZI Data      Debug   Object Name

       680         78          0         12         88       4305   can.o
       192         14          0          0          0        930   deal.o
       140          4          0          0          0        854   dma.o
         0          0       6080          0          0       1166   font.o
       220         16          0          0          0       1011   gpio.o
      1698        108          0          4         14      14586   lcd.o
      3520        338          0        256       1496     525654   main.o
       632        112          0          0        228       3936   motor.o
       316          0          0          0          0       2086   pid.o
       184         22          0          0         88       1697   spi.o
        64         26        304          0       1536        812   startup_stm32f103xe.o
       164         28          0         12          0       6593   stm32f1xx_hal.o
      1608          0          0          0          0      13863   stm32f1xx_hal_can.o
       198         14          0          0          0      29007   stm32f1xx_hal_cortex.o
      1236         52          0          0          0       5194   stm32f1xx_hal_dma.o
       514         42          0          0          0       2936   stm32f1xx_hal_gpio.o
        60          8          0          0          0        890   stm32f1xx_hal_msp.o
      1272        100          0          0          0       5260   stm32f1xx_hal_rcc.o
       876          4          0          0          0       4753   stm32f1xx_hal_spi.o
      1072         40          0          0          0      10428   stm32f1xx_hal_tim.o
       128         20          0          0          0       2417   stm32f1xx_hal_tim_ex.o
      1884         24          0          0          0      15765   stm32f1xx_hal_uart.o
       404        132          0          0          0      12792   stm32f1xx_it.o
         2          0         24          4          0       1151   system_stm32f1xx.o
       708         64          0          0        360       4386   tim.o
      1184        110          0          6       1348       5376   usart.o
        26          0          0          0          0        568   xunji.o

    ----------------------------------------------------------------------
     19030       1356       6442        300       5160     678416   Object Totals
         0          0         32          0          0          0   (incl. Generated)
        48          0          2          6          2          0   (incl. Padding)

    ----------------------------------------------------------------------

      Code (inc. data)   RO Data    RW Data    ZI Data      Debug   Library Member Name

        90          0          0          0          0          0   __dczerorl2.o
         8          0          0          0          0         68   __main.o
         0          0          0          0          0          0   __rtentry.o
        12          0          0          0          0          0   __rtentry2.o
         6          0          0          0          0          0   __rtentry4.o
        52          8          0          0          0          0   __scatter.o
        28          0          0          0          0          0   __scatter_zi.o
        18          0          0          0          0         80   exit.o
         6          0          0          0          0        152   heapauxi.o
         0          0          0          0          0          0   indicate_semi.o
         2          0          0          0          0          0   libinit.o
         2          0          0          0          0          0   libinit2.o
         2          0          0          0          0          0   libshutdown.o
         2          0          0          0          0          0   libshutdown2.o
         8          4          0          0         96         68   libspace.o
        78          0          0          0          0         80   rt_memclr_w.o
         2          0          0          0          0          0   rtexit.o
        10          0          0          0          0          0   rtexit2.o
        12          4          0          0          0         68   sys_exit.o
        74          0          0          0          0         80   sys_stackheap_outer.o
         2          0          0          0          0         68   use_no_semi.o
       430          8          0          0          0        168   faddsub_clz.o
        24          0          0          0          0         68   fcmpi.o
        54          4          0          0          0         84   ffix.o
        48          0          0          0          0         68   fflt_clz.o
       104          4          0          0          0         84   fleqf.o
       258          4          0          0          0         84   fmul.o
       140          4          0          0          0         84   fnaninf.o
        10          0          0          0          0         68   fretinf.o
        98          0          0          0          0         68   frleqf.o
         0          0          0          0          0          0   usenofp.o

    ----------------------------------------------------------------------
      1588         40          0          0        100       1440   Library Totals
         8          0          0          0          4          0   (incl. Padding)

    ----------------------------------------------------------------------

      Code (inc. data)   RO Data    RW Data    ZI Data      Debug   Library Name

       414         16          0          0         96        664   c_w.l
      1166         24          0          0          0        776   fz_ws.l

    ----------------------------------------------------------------------
      1588         40          0          0        100       1440   Library Totals

    ----------------------------------------------------------------------

==============================================================================


      Code (inc. data)   RO Data    RW Data    ZI Data      Debug   

     20618       1396       6442        300       5260     669504   Grand Totals
     20618       1396       6442         52       5260     669504   ELF Image Totals (compressed)
     20618       1396       6442         52          0          0   ROM Totals

==============================================================================

    Total RO  Size (Code + RO Data)                27060 (  26.43kB)
    Total RW  Size (RW Data + ZI Data)              5560 (   5.43kB)
    Total ROM Size (Code + RO Data + RW Data)      27112 (  26.48kB)

==============================================================================

